Archive member included because of file (symbol)

C:/Freescale/CW111/MCU/ARM_GCC_Support/ewl/lib/armv6-m\libc.a(exit.o)
                              ./Project_Settings/Startup_Code/__arm_start.o (exit)
C:/Freescale/CW111/MCU/ARM_GCC_Support/ewl/lib/armv6-m\libc.a(rand.o)
                              ./Sources/ISR.o (rand)
C:/Freescale/CW111/MCU/ARM_GCC_Support/ewl/lib/armv6-m\libc.a(memset.o)
                              ./Project_Settings/Startup_Code/__arm_start.o (memset)
C:/Freescale/CW111/MCU/ARM_GCC_Support/ewl/lib/armv6-m\libc.a(__filll_mem.o)
                              C:/Freescale/CW111/MCU/ARM_GCC_Support/ewl/lib/armv6-m\libc.a(memset.o) (__fill_mem)
C:/Freescale/CW111/MCU/ARM_GCC_Support/ewl/lib/armv6-m\libc.a(strcat.o)
                              ./Sources/util.o (strcat)
C:/Freescale/CW111/MCU/ARM_GCC_Support/ewl/lib/armv6-m\libc.a(memcpy.o)
                              ./Sources/util.o (memcpy)
C:/Freescale/CW111/MCU/ARM_GCC_Support/ewl/lib/armv6-m\libc.a(strlen.o)
                              ./Sources/util.o (strlen)
c:/freescale/cw111/cross_tools/arm-none-eabi-gcc-4_7_3/bin/../lib/gcc/arm-none-eabi/4.7.3/armv6-m\libgcc.a(_udivsi3.o)
                              ./Sources/util.o (__aeabi_uidiv)
c:/freescale/cw111/cross_tools/arm-none-eabi-gcc-4_7_3/bin/../lib/gcc/arm-none-eabi/4.7.3/armv6-m\libgcc.a(_divsi3.o)
                              ./Sources/util.o (__aeabi_idiv)
c:/freescale/cw111/cross_tools/arm-none-eabi-gcc-4_7_3/bin/../lib/gcc/arm-none-eabi/4.7.3/armv6-m\libgcc.a(_dvmd_tls.o)
                              c:/freescale/cw111/cross_tools/arm-none-eabi-gcc-4_7_3/bin/../lib/gcc/arm-none-eabi/4.7.3/armv6-m\libgcc.a(_udivsi3.o) (__aeabi_idiv0)
c:/freescale/cw111/cross_tools/arm-none-eabi-gcc-4_7_3/bin/../lib/gcc/arm-none-eabi/4.7.3/armv6-m\libgcc.a(_arm_cmpsf2.o)
                              ./Sources/util.o (__aeabi_fcmpgt)
c:/freescale/cw111/cross_tools/arm-none-eabi-gcc-4_7_3/bin/../lib/gcc/arm-none-eabi/4.7.3/armv6-m\libgcc.a(_fixunssfsi.o)
                              ./Sources/game.o (__aeabi_f2uiz)
c:/freescale/cw111/cross_tools/arm-none-eabi-gcc-4_7_3/bin/../lib/gcc/arm-none-eabi/4.7.3/armv6-m\libgcc.a(_fixunsdfsi.o)
                              ./Sources/TPM.o (__aeabi_d2uiz)
c:/freescale/cw111/cross_tools/arm-none-eabi-gcc-4_7_3/bin/../lib/gcc/arm-none-eabi/4.7.3/armv6-m\libgcc.a(divsf3.o)
                              ./Sources/ISR.o (__aeabi_fdiv)
c:/freescale/cw111/cross_tools/arm-none-eabi-gcc-4_7_3/bin/../lib/gcc/arm-none-eabi/4.7.3/armv6-m\libgcc.a(eqsf2.o)
                              c:/freescale/cw111/cross_tools/arm-none-eabi-gcc-4_7_3/bin/../lib/gcc/arm-none-eabi/4.7.3/armv6-m\libgcc.a(_arm_cmpsf2.o) (__eqsf2)
c:/freescale/cw111/cross_tools/arm-none-eabi-gcc-4_7_3/bin/../lib/gcc/arm-none-eabi/4.7.3/armv6-m\libgcc.a(gesf2.o)
                              c:/freescale/cw111/cross_tools/arm-none-eabi-gcc-4_7_3/bin/../lib/gcc/arm-none-eabi/4.7.3/armv6-m\libgcc.a(_arm_cmpsf2.o) (__gesf2)
c:/freescale/cw111/cross_tools/arm-none-eabi-gcc-4_7_3/bin/../lib/gcc/arm-none-eabi/4.7.3/armv6-m\libgcc.a(lesf2.o)
                              c:/freescale/cw111/cross_tools/arm-none-eabi-gcc-4_7_3/bin/../lib/gcc/arm-none-eabi/4.7.3/armv6-m\libgcc.a(_arm_cmpsf2.o) (__lesf2)
c:/freescale/cw111/cross_tools/arm-none-eabi-gcc-4_7_3/bin/../lib/gcc/arm-none-eabi/4.7.3/armv6-m\libgcc.a(mulsf3.o)
                              ./Sources/util.o (__aeabi_fmul)
c:/freescale/cw111/cross_tools/arm-none-eabi-gcc-4_7_3/bin/../lib/gcc/arm-none-eabi/4.7.3/armv6-m\libgcc.a(subsf3.o)
                              c:/freescale/cw111/cross_tools/arm-none-eabi-gcc-4_7_3/bin/../lib/gcc/arm-none-eabi/4.7.3/armv6-m\libgcc.a(_fixunssfsi.o) (__aeabi_fsub)
c:/freescale/cw111/cross_tools/arm-none-eabi-gcc-4_7_3/bin/../lib/gcc/arm-none-eabi/4.7.3/armv6-m\libgcc.a(fixsfsi.o)
                              ./Sources/util.o (__aeabi_f2iz)
c:/freescale/cw111/cross_tools/arm-none-eabi-gcc-4_7_3/bin/../lib/gcc/arm-none-eabi/4.7.3/armv6-m\libgcc.a(floatsisf.o)
                              ./Sources/game.o (__aeabi_i2f)
c:/freescale/cw111/cross_tools/arm-none-eabi-gcc-4_7_3/bin/../lib/gcc/arm-none-eabi/4.7.3/armv6-m\libgcc.a(floatunsisf.o)
                              ./Sources/ISR.o (__aeabi_ui2f)
c:/freescale/cw111/cross_tools/arm-none-eabi-gcc-4_7_3/bin/../lib/gcc/arm-none-eabi/4.7.3/armv6-m\libgcc.a(muldf3.o)
                              ./Sources/util.o (__aeabi_dmul)
c:/freescale/cw111/cross_tools/arm-none-eabi-gcc-4_7_3/bin/../lib/gcc/arm-none-eabi/4.7.3/armv6-m\libgcc.a(subdf3.o)
                              ./Sources/util.o (__aeabi_dsub)
c:/freescale/cw111/cross_tools/arm-none-eabi-gcc-4_7_3/bin/../lib/gcc/arm-none-eabi/4.7.3/armv6-m\libgcc.a(fixdfsi.o)
                              c:/freescale/cw111/cross_tools/arm-none-eabi-gcc-4_7_3/bin/../lib/gcc/arm-none-eabi/4.7.3/armv6-m\libgcc.a(_fixunsdfsi.o) (__aeabi_d2iz)
c:/freescale/cw111/cross_tools/arm-none-eabi-gcc-4_7_3/bin/../lib/gcc/arm-none-eabi/4.7.3/armv6-m\libgcc.a(floatsidf.o)
                              ./Sources/util.o (__aeabi_i2d)
c:/freescale/cw111/cross_tools/arm-none-eabi-gcc-4_7_3/bin/../lib/gcc/arm-none-eabi/4.7.3/armv6-m\libgcc.a(floatunsidf.o)
                              ./Sources/TPM.o (__aeabi_ui2d)
c:/freescale/cw111/cross_tools/arm-none-eabi-gcc-4_7_3/bin/../lib/gcc/arm-none-eabi/4.7.3/armv6-m\libgcc.a(extendsfdf2.o)
                              ./Sources/util.o (__aeabi_f2d)
c:/freescale/cw111/cross_tools/arm-none-eabi-gcc-4_7_3/bin/../lib/gcc/arm-none-eabi/4.7.3/armv6-m\libgcc.a(truncdfsf2.o)
                              ./Sources/util.o (__aeabi_d2f)
c:/freescale/cw111/cross_tools/arm-none-eabi-gcc-4_7_3/bin/../lib/gcc/arm-none-eabi/4.7.3/armv6-m\libgcc.a(_arm_cmpdf2.o)
                              c:/freescale/cw111/cross_tools/arm-none-eabi-gcc-4_7_3/bin/../lib/gcc/arm-none-eabi/4.7.3/armv6-m\libgcc.a(_fixunsdfsi.o) (__aeabi_dcmpge)
c:/freescale/cw111/cross_tools/arm-none-eabi-gcc-4_7_3/bin/../lib/gcc/arm-none-eabi/4.7.3/armv6-m\libgcc.a(_clzsi2.o)
                              c:/freescale/cw111/cross_tools/arm-none-eabi-gcc-4_7_3/bin/../lib/gcc/arm-none-eabi/4.7.3/armv6-m\libgcc.a(divsf3.o) (__clzsi2)
c:/freescale/cw111/cross_tools/arm-none-eabi-gcc-4_7_3/bin/../lib/gcc/arm-none-eabi/4.7.3/armv6-m\libgcc.a(eqdf2.o)
                              c:/freescale/cw111/cross_tools/arm-none-eabi-gcc-4_7_3/bin/../lib/gcc/arm-none-eabi/4.7.3/armv6-m\libgcc.a(_arm_cmpdf2.o) (__eqdf2)
c:/freescale/cw111/cross_tools/arm-none-eabi-gcc-4_7_3/bin/../lib/gcc/arm-none-eabi/4.7.3/armv6-m\libgcc.a(gedf2.o)
                              c:/freescale/cw111/cross_tools/arm-none-eabi-gcc-4_7_3/bin/../lib/gcc/arm-none-eabi/4.7.3/armv6-m\libgcc.a(_arm_cmpdf2.o) (__gedf2)
c:/freescale/cw111/cross_tools/arm-none-eabi-gcc-4_7_3/bin/../lib/gcc/arm-none-eabi/4.7.3/armv6-m\libgcc.a(ledf2.o)
                              c:/freescale/cw111/cross_tools/arm-none-eabi-gcc-4_7_3/bin/../lib/gcc/arm-none-eabi/4.7.3/armv6-m\libgcc.a(_arm_cmpdf2.o) (__ledf2)
C:/Freescale/CW111/MCU/ARM_GCC_Support/ewl/lib/armv6-m\librt.a(gcc_ctor_dtor.o)
                              ./Project_Settings/Startup_Code/__arm_start.o (__init_cpp)
C:/Freescale/CW111/MCU/ARM_GCC_Support/ewl/lib/armv6-m\librt.a(__arm_eabi_init.o)
                              C:/Freescale/CW111/MCU/ARM_GCC_Support/ewl/lib/armv6-m\libc.a(exit.o) (__destroy_global_chain)
C:/Freescale/CW111/MCU/ARM_GCC_Support/ewl/lib/armv6-m\librt.a(ROMCopy.o)
                              ./Project_Settings/Startup_Code/__arm_start.o (__copy_rom_sections_to_ram)

Discarded input sections

 .text          0x00000000        0x0 ./Project_Settings/Startup_Code/kinetis_sysinit.o
 .data          0x00000000        0x0 ./Project_Settings/Startup_Code/kinetis_sysinit.o
 .bss           0x00000000        0x0 ./Project_Settings/Startup_Code/kinetis_sysinit.o
 .text          0x00000000        0x0 ./Project_Settings/Startup_Code/__arm_start.o
 .data          0x00000000        0x0 ./Project_Settings/Startup_Code/__arm_start.o
 .bss           0x00000000        0x0 ./Project_Settings/Startup_Code/__arm_start.o
 .text.__iar_program_start
                0x00000000        0x4 ./Project_Settings/Startup_Code/__arm_start.o
 .text          0x00000000        0x0 ./Project_Settings/Startup_Code/__arm_end.o
 .data          0x00000000        0x0 ./Project_Settings/Startup_Code/__arm_end.o
 .bss           0x00000000        0x0 ./Project_Settings/Startup_Code/__arm_end.o
 .text          0x00000000        0x0 ./Sources/util.o
 .data          0x00000000        0x0 ./Sources/util.o
 .bss           0x00000000        0x0 ./Sources/util.o
 .rodata        0x00000000       0x10 ./Sources/util.o
 .text.ftoa     0x00000000      0x1a0 ./Sources/util.o
 .text.ttoa     0x00000000      0x124 ./Sources/util.o
 .text.s2dhms   0x00000000       0x7c ./Sources/util.o
 .text.dhms2s   0x00000000       0x58 ./Sources/util.o
 .text          0x00000000        0x0 ./Sources/timers.o
 .data          0x00000000        0x0 ./Sources/timers.o
 .bss           0x00000000        0x0 ./Sources/timers.o
 .text.PIT_initTimer0
                0x00000000       0x88 ./Sources/timers.o
 .text.PIT_desativaIRQ
                0x00000000       0x28 ./Sources/timers.o
 .text.PIT_reativaIRQ
                0x00000000       0x24 ./Sources/timers.o
 .text.LPTimer_init
                0x00000000       0x70 ./Sources/timers.o
 .text.LPTimer_ativaIRQ
                0x00000000       0x68 ./Sources/timers.o
 .text.LPTimer_desativaIRQ
                0x00000000       0x18 ./Sources/timers.o
 .text.LPTimer_reativaIRQ
                0x00000000       0x18 ./Sources/timers.o
 .text.RTClpo_getTime
                0x00000000       0x3c ./Sources/timers.o
 .text.RTClpo_setTime
                0x00000000       0x48 ./Sources/timers.o
 .text.RTC_ativaSegundoIRQ
                0x00000000       0x68 ./Sources/timers.o
 .text.RTC_ativaAlarmIRQ
                0x00000000       0x68 ./Sources/timers.o
 .text.RTC_ativaOverflowIRQ
                0x00000000       0x68 ./Sources/timers.o
 .text          0x00000000        0x0 ./Sources/sa_mtb.o
 .data          0x00000000        0x0 ./Sources/sa_mtb.o
 .bss           0x00000000        0x0 ./Sources/sa_mtb.o
 .debug_info    0x00000000       0x21 ./Sources/sa_mtb.o
 .debug_abbrev  0x00000000       0x12 ./Sources/sa_mtb.o
 .debug_aranges
                0x00000000       0x18 ./Sources/sa_mtb.o
 .debug_macinfo
                0x00000000     0x24d8 ./Sources/sa_mtb.o
 .debug_line    0x00000000       0xa3 ./Sources/sa_mtb.o
 .debug_str     0x00000000       0x87 ./Sources/sa_mtb.o
 .comment       0x00000000       0x7a ./Sources/sa_mtb.o
 .ARM.attributes
                0x00000000       0x31 ./Sources/sa_mtb.o
 .text          0x00000000        0x0 ./Sources/main.o
 .data          0x00000000        0x0 ./Sources/main.o
 .bss           0x00000000        0x0 ./Sources/main.o
 .text          0x00000000        0x0 ./Sources/game.o
 .data          0x00000000        0x0 ./Sources/game.o
 .bss           0x00000000        0x0 ./Sources/game.o
 .text          0x00000000        0x0 ./Sources/dino.o
 .data          0x00000000        0x0 ./Sources/dino.o
 .bss           0x00000000        0x0 ./Sources/dino.o
 .text          0x00000000        0x0 ./Sources/cactus.o
 .data          0x00000000        0x0 ./Sources/cactus.o
 .bss           0x00000000        0x0 ./Sources/cactus.o
 .text          0x00000000        0x0 ./Sources/TPM.o
 .data          0x00000000        0x0 ./Sources/TPM.o
 .bss           0x00000000        0x0 ./Sources/TPM.o
 .text.TPM_initH5Pin12EPWM
                0x00000000       0x98 ./Sources/TPM.o
 .text.TPM_atualizaDutyCycleH5Pin2
                0x00000000       0x88 ./Sources/TPM.o
 .text.TPM_atualizaDutyCycleH5Pin1
                0x00000000       0x88 ./Sources/TPM.o
 .text.TPM_atualizaDutyCycleEPWM
                0x00000000       0xa8 ./Sources/TPM.o
 .text.TPM_leChValor
                0x00000000       0x38 ./Sources/TPM.o
 .text.TPM_leMOD
                0x00000000       0x28 ./Sources/TPM.o
 .text.TPM_chaveiaChModoNivel
                0x00000000       0x84 ./Sources/TPM.o
 .text.TPM_atualizaPolaridadeEPWM
                0x00000000       0xc4 ./Sources/TPM.o
 .text          0x00000000        0x0 ./Sources/ISR.o
 .data          0x00000000        0x0 ./Sources/ISR.o
 .bss           0x00000000        0x0 ./Sources/ISR.o
 .text          0x00000000        0x0 ./Sources/GPIO_switches.o
 .data          0x00000000        0x0 ./Sources/GPIO_switches.o
 .bss           0x00000000        0x0 ./Sources/GPIO_switches.o
 .text.GPIO_desativaSwitchesInterrupt
                0x00000000       0x20 ./Sources/GPIO_switches.o
 .text.GPIO_reativaSwitchesInterrupt
                0x00000000       0x1c ./Sources/GPIO_switches.o
 .text          0x00000000        0x0 ./Sources/GPIO_latch_lcd.o
 .data          0x00000000        0x0 ./Sources/GPIO_latch_lcd.o
 .bss           0x00000000        0x0 ./Sources/GPIO_latch_lcd.o
 .text.GPIO_ativaConLCD
                0x00000000       0xc8 ./Sources/GPIO_latch_lcd.o
 .text.GPIO_setEndDDRAMLCD
                0x00000000       0x38 ./Sources/GPIO_latch_lcd.o
 .text.GPIO_limpaDisplayLCD
                0x00000000       0x18 ./Sources/GPIO_latch_lcd.o
 .text          0x00000000        0x0 ./Sources/ADC.o
 .data          0x00000000        0x0 ./Sources/ADC.o
 .bss           0x00000000        0x0 ./Sources/ADC.o
 .text.ADC0_desativaInterrupt
                0x00000000       0x18 ./Sources/ADC.o
 .text.ADC0_reativaInterrupt
                0x00000000       0x18 ./Sources/ADC.o
 .text          0x00000000        0x0 C:/Freescale/CW111/MCU/ARM_GCC_Support/ewl/lib/armv6-m\libc.a(exit.o)
 .data          0x00000000        0x0 C:/Freescale/CW111/MCU/ARM_GCC_Support/ewl/lib/armv6-m\libc.a(exit.o)
 .bss           0x00000000        0x0 C:/Freescale/CW111/MCU/ARM_GCC_Support/ewl/lib/armv6-m\libc.a(exit.o)
 .text          0x00000000        0x0 C:/Freescale/CW111/MCU/ARM_GCC_Support/ewl/lib/armv6-m\libc.a(rand.o)
 .data          0x00000000        0x0 C:/Freescale/CW111/MCU/ARM_GCC_Support/ewl/lib/armv6-m\libc.a(rand.o)
 .bss           0x00000000        0x0 C:/Freescale/CW111/MCU/ARM_GCC_Support/ewl/lib/armv6-m\libc.a(rand.o)
 .text.srand    0x00000000        0xc C:/Freescale/CW111/MCU/ARM_GCC_Support/ewl/lib/armv6-m\libc.a(rand.o)
 .text          0x00000000        0x0 C:/Freescale/CW111/MCU/ARM_GCC_Support/ewl/lib/armv6-m\libc.a(memset.o)
 .data          0x00000000        0x0 C:/Freescale/CW111/MCU/ARM_GCC_Support/ewl/lib/armv6-m\libc.a(memset.o)
 .bss           0x00000000        0x0 C:/Freescale/CW111/MCU/ARM_GCC_Support/ewl/lib/armv6-m\libc.a(memset.o)
 .text          0x00000000        0x0 C:/Freescale/CW111/MCU/ARM_GCC_Support/ewl/lib/armv6-m\libc.a(__filll_mem.o)
 .data          0x00000000        0x0 C:/Freescale/CW111/MCU/ARM_GCC_Support/ewl/lib/armv6-m\libc.a(__filll_mem.o)
 .bss           0x00000000        0x0 C:/Freescale/CW111/MCU/ARM_GCC_Support/ewl/lib/armv6-m\libc.a(__filll_mem.o)
 .text          0x00000000        0x0 C:/Freescale/CW111/MCU/ARM_GCC_Support/ewl/lib/armv6-m\libc.a(strcat.o)
 .data          0x00000000        0x0 C:/Freescale/CW111/MCU/ARM_GCC_Support/ewl/lib/armv6-m\libc.a(strcat.o)
 .bss           0x00000000        0x0 C:/Freescale/CW111/MCU/ARM_GCC_Support/ewl/lib/armv6-m\libc.a(strcat.o)
 .text.strcat   0x00000000       0x1e C:/Freescale/CW111/MCU/ARM_GCC_Support/ewl/lib/armv6-m\libc.a(strcat.o)
 .debug_info    0x00000000       0xf0 C:/Freescale/CW111/MCU/ARM_GCC_Support/ewl/lib/armv6-m\libc.a(strcat.o)
 .debug_abbrev  0x00000000       0x89 C:/Freescale/CW111/MCU/ARM_GCC_Support/ewl/lib/armv6-m\libc.a(strcat.o)
 .debug_loc     0x00000000       0x85 C:/Freescale/CW111/MCU/ARM_GCC_Support/ewl/lib/armv6-m\libc.a(strcat.o)
 .debug_aranges
                0x00000000       0x20 C:/Freescale/CW111/MCU/ARM_GCC_Support/ewl/lib/armv6-m\libc.a(strcat.o)
 .debug_line    0x00000000       0x7e C:/Freescale/CW111/MCU/ARM_GCC_Support/ewl/lib/armv6-m\libc.a(strcat.o)
 .debug_str     0x00000000      0x131 C:/Freescale/CW111/MCU/ARM_GCC_Support/ewl/lib/armv6-m\libc.a(strcat.o)
 .comment       0x00000000       0x7a C:/Freescale/CW111/MCU/ARM_GCC_Support/ewl/lib/armv6-m\libc.a(strcat.o)
 .ARM.attributes
                0x00000000       0x31 C:/Freescale/CW111/MCU/ARM_GCC_Support/ewl/lib/armv6-m\libc.a(strcat.o)
 .debug_frame   0x00000000       0x28 C:/Freescale/CW111/MCU/ARM_GCC_Support/ewl/lib/armv6-m\libc.a(strcat.o)
 .text          0x00000000        0x0 C:/Freescale/CW111/MCU/ARM_GCC_Support/ewl/lib/armv6-m\libc.a(memcpy.o)
 .data          0x00000000        0x0 C:/Freescale/CW111/MCU/ARM_GCC_Support/ewl/lib/armv6-m\libc.a(memcpy.o)
 .bss           0x00000000        0x0 C:/Freescale/CW111/MCU/ARM_GCC_Support/ewl/lib/armv6-m\libc.a(memcpy.o)
 .text          0x00000000        0x0 C:/Freescale/CW111/MCU/ARM_GCC_Support/ewl/lib/armv6-m\libc.a(strlen.o)
 .data          0x00000000        0x0 C:/Freescale/CW111/MCU/ARM_GCC_Support/ewl/lib/armv6-m\libc.a(strlen.o)
 .bss           0x00000000        0x0 C:/Freescale/CW111/MCU/ARM_GCC_Support/ewl/lib/armv6-m\libc.a(strlen.o)
 .data          0x00000000        0x0 c:/freescale/cw111/cross_tools/arm-none-eabi-gcc-4_7_3/bin/../lib/gcc/arm-none-eabi/4.7.3/armv6-m\libgcc.a(_udivsi3.o)
 .bss           0x00000000        0x0 c:/freescale/cw111/cross_tools/arm-none-eabi-gcc-4_7_3/bin/../lib/gcc/arm-none-eabi/4.7.3/armv6-m\libgcc.a(_udivsi3.o)
 .text          0x00000000       0xc0 c:/freescale/cw111/cross_tools/arm-none-eabi-gcc-4_7_3/bin/../lib/gcc/arm-none-eabi/4.7.3/armv6-m\libgcc.a(_divsi3.o)
 .data          0x00000000        0x0 c:/freescale/cw111/cross_tools/arm-none-eabi-gcc-4_7_3/bin/../lib/gcc/arm-none-eabi/4.7.3/armv6-m\libgcc.a(_divsi3.o)
 .bss           0x00000000        0x0 c:/freescale/cw111/cross_tools/arm-none-eabi-gcc-4_7_3/bin/../lib/gcc/arm-none-eabi/4.7.3/armv6-m\libgcc.a(_divsi3.o)
 .debug_frame   0x00000000       0x20 c:/freescale/cw111/cross_tools/arm-none-eabi-gcc-4_7_3/bin/../lib/gcc/arm-none-eabi/4.7.3/armv6-m\libgcc.a(_divsi3.o)
 .ARM.attributes
                0x00000000       0x1e c:/freescale/cw111/cross_tools/arm-none-eabi-gcc-4_7_3/bin/../lib/gcc/arm-none-eabi/4.7.3/armv6-m\libgcc.a(_divsi3.o)
 .data          0x00000000        0x0 c:/freescale/cw111/cross_tools/arm-none-eabi-gcc-4_7_3/bin/../lib/gcc/arm-none-eabi/4.7.3/armv6-m\libgcc.a(_dvmd_tls.o)
 .bss           0x00000000        0x0 c:/freescale/cw111/cross_tools/arm-none-eabi-gcc-4_7_3/bin/../lib/gcc/arm-none-eabi/4.7.3/armv6-m\libgcc.a(_dvmd_tls.o)
 .data          0x00000000        0x0 c:/freescale/cw111/cross_tools/arm-none-eabi-gcc-4_7_3/bin/../lib/gcc/arm-none-eabi/4.7.3/armv6-m\libgcc.a(_arm_cmpsf2.o)
 .bss           0x00000000        0x0 c:/freescale/cw111/cross_tools/arm-none-eabi-gcc-4_7_3/bin/../lib/gcc/arm-none-eabi/4.7.3/armv6-m\libgcc.a(_arm_cmpsf2.o)
 .data          0x00000000        0x0 c:/freescale/cw111/cross_tools/arm-none-eabi-gcc-4_7_3/bin/../lib/gcc/arm-none-eabi/4.7.3/armv6-m\libgcc.a(_fixunssfsi.o)
 .bss           0x00000000        0x0 c:/freescale/cw111/cross_tools/arm-none-eabi-gcc-4_7_3/bin/../lib/gcc/arm-none-eabi/4.7.3/armv6-m\libgcc.a(_fixunssfsi.o)
 .data          0x00000000        0x0 c:/freescale/cw111/cross_tools/arm-none-eabi-gcc-4_7_3/bin/../lib/gcc/arm-none-eabi/4.7.3/armv6-m\libgcc.a(_fixunsdfsi.o)
 .bss           0x00000000        0x0 c:/freescale/cw111/cross_tools/arm-none-eabi-gcc-4_7_3/bin/../lib/gcc/arm-none-eabi/4.7.3/armv6-m\libgcc.a(_fixunsdfsi.o)
 .data          0x00000000        0x0 c:/freescale/cw111/cross_tools/arm-none-eabi-gcc-4_7_3/bin/../lib/gcc/arm-none-eabi/4.7.3/armv6-m\libgcc.a(divsf3.o)
 .bss           0x00000000        0x0 c:/freescale/cw111/cross_tools/arm-none-eabi-gcc-4_7_3/bin/../lib/gcc/arm-none-eabi/4.7.3/armv6-m\libgcc.a(divsf3.o)
 .data          0x00000000        0x0 c:/freescale/cw111/cross_tools/arm-none-eabi-gcc-4_7_3/bin/../lib/gcc/arm-none-eabi/4.7.3/armv6-m\libgcc.a(eqsf2.o)
 .bss           0x00000000        0x0 c:/freescale/cw111/cross_tools/arm-none-eabi-gcc-4_7_3/bin/../lib/gcc/arm-none-eabi/4.7.3/armv6-m\libgcc.a(eqsf2.o)
 .data          0x00000000        0x0 c:/freescale/cw111/cross_tools/arm-none-eabi-gcc-4_7_3/bin/../lib/gcc/arm-none-eabi/4.7.3/armv6-m\libgcc.a(gesf2.o)
 .bss           0x00000000        0x0 c:/freescale/cw111/cross_tools/arm-none-eabi-gcc-4_7_3/bin/../lib/gcc/arm-none-eabi/4.7.3/armv6-m\libgcc.a(gesf2.o)
 .data          0x00000000        0x0 c:/freescale/cw111/cross_tools/arm-none-eabi-gcc-4_7_3/bin/../lib/gcc/arm-none-eabi/4.7.3/armv6-m\libgcc.a(lesf2.o)
 .bss           0x00000000        0x0 c:/freescale/cw111/cross_tools/arm-none-eabi-gcc-4_7_3/bin/../lib/gcc/arm-none-eabi/4.7.3/armv6-m\libgcc.a(lesf2.o)
 .data          0x00000000        0x0 c:/freescale/cw111/cross_tools/arm-none-eabi-gcc-4_7_3/bin/../lib/gcc/arm-none-eabi/4.7.3/armv6-m\libgcc.a(mulsf3.o)
 .bss           0x00000000        0x0 c:/freescale/cw111/cross_tools/arm-none-eabi-gcc-4_7_3/bin/../lib/gcc/arm-none-eabi/4.7.3/armv6-m\libgcc.a(mulsf3.o)
 .data          0x00000000        0x0 c:/freescale/cw111/cross_tools/arm-none-eabi-gcc-4_7_3/bin/../lib/gcc/arm-none-eabi/4.7.3/armv6-m\libgcc.a(subsf3.o)
 .bss           0x00000000        0x0 c:/freescale/cw111/cross_tools/arm-none-eabi-gcc-4_7_3/bin/../lib/gcc/arm-none-eabi/4.7.3/armv6-m\libgcc.a(subsf3.o)
 .data          0x00000000        0x0 c:/freescale/cw111/cross_tools/arm-none-eabi-gcc-4_7_3/bin/../lib/gcc/arm-none-eabi/4.7.3/armv6-m\libgcc.a(fixsfsi.o)
 .bss           0x00000000        0x0 c:/freescale/cw111/cross_tools/arm-none-eabi-gcc-4_7_3/bin/../lib/gcc/arm-none-eabi/4.7.3/armv6-m\libgcc.a(fixsfsi.o)
 .data          0x00000000        0x0 c:/freescale/cw111/cross_tools/arm-none-eabi-gcc-4_7_3/bin/../lib/gcc/arm-none-eabi/4.7.3/armv6-m\libgcc.a(floatsisf.o)
 .bss           0x00000000        0x0 c:/freescale/cw111/cross_tools/arm-none-eabi-gcc-4_7_3/bin/../lib/gcc/arm-none-eabi/4.7.3/armv6-m\libgcc.a(floatsisf.o)
 .data          0x00000000        0x0 c:/freescale/cw111/cross_tools/arm-none-eabi-gcc-4_7_3/bin/../lib/gcc/arm-none-eabi/4.7.3/armv6-m\libgcc.a(floatunsisf.o)
 .bss           0x00000000        0x0 c:/freescale/cw111/cross_tools/arm-none-eabi-gcc-4_7_3/bin/../lib/gcc/arm-none-eabi/4.7.3/armv6-m\libgcc.a(floatunsisf.o)
 .data          0x00000000        0x0 c:/freescale/cw111/cross_tools/arm-none-eabi-gcc-4_7_3/bin/../lib/gcc/arm-none-eabi/4.7.3/armv6-m\libgcc.a(muldf3.o)
 .bss           0x00000000        0x0 c:/freescale/cw111/cross_tools/arm-none-eabi-gcc-4_7_3/bin/../lib/gcc/arm-none-eabi/4.7.3/armv6-m\libgcc.a(muldf3.o)
 .data          0x00000000        0x0 c:/freescale/cw111/cross_tools/arm-none-eabi-gcc-4_7_3/bin/../lib/gcc/arm-none-eabi/4.7.3/armv6-m\libgcc.a(subdf3.o)
 .bss           0x00000000        0x0 c:/freescale/cw111/cross_tools/arm-none-eabi-gcc-4_7_3/bin/../lib/gcc/arm-none-eabi/4.7.3/armv6-m\libgcc.a(subdf3.o)
 .data          0x00000000        0x0 c:/freescale/cw111/cross_tools/arm-none-eabi-gcc-4_7_3/bin/../lib/gcc/arm-none-eabi/4.7.3/armv6-m\libgcc.a(fixdfsi.o)
 .bss           0x00000000        0x0 c:/freescale/cw111/cross_tools/arm-none-eabi-gcc-4_7_3/bin/../lib/gcc/arm-none-eabi/4.7.3/armv6-m\libgcc.a(fixdfsi.o)
 .data          0x00000000        0x0 c:/freescale/cw111/cross_tools/arm-none-eabi-gcc-4_7_3/bin/../lib/gcc/arm-none-eabi/4.7.3/armv6-m\libgcc.a(floatsidf.o)
 .bss           0x00000000        0x0 c:/freescale/cw111/cross_tools/arm-none-eabi-gcc-4_7_3/bin/../lib/gcc/arm-none-eabi/4.7.3/armv6-m\libgcc.a(floatsidf.o)
 .data          0x00000000        0x0 c:/freescale/cw111/cross_tools/arm-none-eabi-gcc-4_7_3/bin/../lib/gcc/arm-none-eabi/4.7.3/armv6-m\libgcc.a(floatunsidf.o)
 .bss           0x00000000        0x0 c:/freescale/cw111/cross_tools/arm-none-eabi-gcc-4_7_3/bin/../lib/gcc/arm-none-eabi/4.7.3/armv6-m\libgcc.a(floatunsidf.o)
 .text          0x00000000       0xa8 c:/freescale/cw111/cross_tools/arm-none-eabi-gcc-4_7_3/bin/../lib/gcc/arm-none-eabi/4.7.3/armv6-m\libgcc.a(extendsfdf2.o)
 .data          0x00000000        0x0 c:/freescale/cw111/cross_tools/arm-none-eabi-gcc-4_7_3/bin/../lib/gcc/arm-none-eabi/4.7.3/armv6-m\libgcc.a(extendsfdf2.o)
 .bss           0x00000000        0x0 c:/freescale/cw111/cross_tools/arm-none-eabi-gcc-4_7_3/bin/../lib/gcc/arm-none-eabi/4.7.3/armv6-m\libgcc.a(extendsfdf2.o)
 .ARM.attributes
                0x00000000       0x2c c:/freescale/cw111/cross_tools/arm-none-eabi-gcc-4_7_3/bin/../lib/gcc/arm-none-eabi/4.7.3/armv6-m\libgcc.a(extendsfdf2.o)
 .debug_frame   0x00000000       0x2c c:/freescale/cw111/cross_tools/arm-none-eabi-gcc-4_7_3/bin/../lib/gcc/arm-none-eabi/4.7.3/armv6-m\libgcc.a(extendsfdf2.o)
 .text          0x00000000      0x134 c:/freescale/cw111/cross_tools/arm-none-eabi-gcc-4_7_3/bin/../lib/gcc/arm-none-eabi/4.7.3/armv6-m\libgcc.a(truncdfsf2.o)
 .data          0x00000000        0x0 c:/freescale/cw111/cross_tools/arm-none-eabi-gcc-4_7_3/bin/../lib/gcc/arm-none-eabi/4.7.3/armv6-m\libgcc.a(truncdfsf2.o)
 .bss           0x00000000        0x0 c:/freescale/cw111/cross_tools/arm-none-eabi-gcc-4_7_3/bin/../lib/gcc/arm-none-eabi/4.7.3/armv6-m\libgcc.a(truncdfsf2.o)
 .ARM.attributes
                0x00000000       0x2c c:/freescale/cw111/cross_tools/arm-none-eabi-gcc-4_7_3/bin/../lib/gcc/arm-none-eabi/4.7.3/armv6-m\libgcc.a(truncdfsf2.o)
 .debug_frame   0x00000000       0x30 c:/freescale/cw111/cross_tools/arm-none-eabi-gcc-4_7_3/bin/../lib/gcc/arm-none-eabi/4.7.3/armv6-m\libgcc.a(truncdfsf2.o)
 .data          0x00000000        0x0 c:/freescale/cw111/cross_tools/arm-none-eabi-gcc-4_7_3/bin/../lib/gcc/arm-none-eabi/4.7.3/armv6-m\libgcc.a(_arm_cmpdf2.o)
 .bss           0x00000000        0x0 c:/freescale/cw111/cross_tools/arm-none-eabi-gcc-4_7_3/bin/../lib/gcc/arm-none-eabi/4.7.3/armv6-m\libgcc.a(_arm_cmpdf2.o)
 .data          0x00000000        0x0 c:/freescale/cw111/cross_tools/arm-none-eabi-gcc-4_7_3/bin/../lib/gcc/arm-none-eabi/4.7.3/armv6-m\libgcc.a(_clzsi2.o)
 .bss           0x00000000        0x0 c:/freescale/cw111/cross_tools/arm-none-eabi-gcc-4_7_3/bin/../lib/gcc/arm-none-eabi/4.7.3/armv6-m\libgcc.a(_clzsi2.o)
 .data          0x00000000        0x0 c:/freescale/cw111/cross_tools/arm-none-eabi-gcc-4_7_3/bin/../lib/gcc/arm-none-eabi/4.7.3/armv6-m\libgcc.a(eqdf2.o)
 .bss           0x00000000        0x0 c:/freescale/cw111/cross_tools/arm-none-eabi-gcc-4_7_3/bin/../lib/gcc/arm-none-eabi/4.7.3/armv6-m\libgcc.a(eqdf2.o)
 .data          0x00000000        0x0 c:/freescale/cw111/cross_tools/arm-none-eabi-gcc-4_7_3/bin/../lib/gcc/arm-none-eabi/4.7.3/armv6-m\libgcc.a(gedf2.o)
 .bss           0x00000000        0x0 c:/freescale/cw111/cross_tools/arm-none-eabi-gcc-4_7_3/bin/../lib/gcc/arm-none-eabi/4.7.3/armv6-m\libgcc.a(gedf2.o)
 .data          0x00000000        0x0 c:/freescale/cw111/cross_tools/arm-none-eabi-gcc-4_7_3/bin/../lib/gcc/arm-none-eabi/4.7.3/armv6-m\libgcc.a(ledf2.o)
 .bss           0x00000000        0x0 c:/freescale/cw111/cross_tools/arm-none-eabi-gcc-4_7_3/bin/../lib/gcc/arm-none-eabi/4.7.3/armv6-m\libgcc.a(ledf2.o)
 .text          0x00000000        0x0 C:/Freescale/CW111/MCU/ARM_GCC_Support/ewl/lib/armv6-m\librt.a(gcc_ctor_dtor.o)
 .data          0x00000000        0x0 C:/Freescale/CW111/MCU/ARM_GCC_Support/ewl/lib/armv6-m\librt.a(gcc_ctor_dtor.o)
 .bss           0x00000000        0x0 C:/Freescale/CW111/MCU/ARM_GCC_Support/ewl/lib/armv6-m\librt.a(gcc_ctor_dtor.o)
 .bss.__dso_handle
                0x00000000        0x4 C:/Freescale/CW111/MCU/ARM_GCC_Support/ewl/lib/armv6-m\librt.a(gcc_ctor_dtor.o)
 .text          0x00000000        0x0 C:/Freescale/CW111/MCU/ARM_GCC_Support/ewl/lib/armv6-m\librt.a(__arm_eabi_init.o)
 .data          0x00000000        0x0 C:/Freescale/CW111/MCU/ARM_GCC_Support/ewl/lib/armv6-m\librt.a(__arm_eabi_init.o)
 .bss           0x00000000        0x0 C:/Freescale/CW111/MCU/ARM_GCC_Support/ewl/lib/armv6-m\librt.a(__arm_eabi_init.o)
 .text.__register_global_object
                0x00000000       0x14 C:/Freescale/CW111/MCU/ARM_GCC_Support/ewl/lib/armv6-m\librt.a(__arm_eabi_init.o)
 .text.__cxa_atexit
                0x00000000       0x38 C:/Freescale/CW111/MCU/ARM_GCC_Support/ewl/lib/armv6-m\librt.a(__arm_eabi_init.o)
 .text.__aeabi_atexit
                0x00000000        0xe C:/Freescale/CW111/MCU/ARM_GCC_Support/ewl/lib/armv6-m\librt.a(__arm_eabi_init.o)
 .text.__register_atexit
                0x00000000        0xc C:/Freescale/CW111/MCU/ARM_GCC_Support/ewl/lib/armv6-m\librt.a(__arm_eabi_init.o)
 .text.__init_hardware
                0x00000000        0x4 C:/Freescale/CW111/MCU/ARM_GCC_Support/ewl/lib/armv6-m\librt.a(__arm_eabi_init.o)
 .bss.atexit_curr_func
                0x00000000        0x4 C:/Freescale/CW111/MCU/ARM_GCC_Support/ewl/lib/armv6-m\librt.a(__arm_eabi_init.o)
 .bss.atexit_funcs
                0x00000000      0x300 C:/Freescale/CW111/MCU/ARM_GCC_Support/ewl/lib/armv6-m\librt.a(__arm_eabi_init.o)
 .text          0x00000000        0x0 C:/Freescale/CW111/MCU/ARM_GCC_Support/ewl/lib/armv6-m\librt.a(ROMCopy.o)
 .data          0x00000000        0x0 C:/Freescale/CW111/MCU/ARM_GCC_Support/ewl/lib/armv6-m\librt.a(ROMCopy.o)
 .bss           0x00000000        0x0 C:/Freescale/CW111/MCU/ARM_GCC_Support/ewl/lib/armv6-m\librt.a(ROMCopy.o)
 .text.__flush_cache
                0x00000000        0x2 C:/Freescale/CW111/MCU/ARM_GCC_Support/ewl/lib/armv6-m\librt.a(ROMCopy.o)

Memory Configuration

Name             Origin             Length             Attributes
m_interrupts     0x00000000         0x000000c0         xr
m_cfmprotrom     0x00000400         0x00000010         xr
m_text           0x00000800         0x0001f800         xr
m_data           0x1ffff000         0x00004000         xrw
*default*        0x00000000         0xffffffff

Linker script and memory map

LOAD ./Project_Settings/Startup_Code/kinetis_sysinit.o
LOAD ./Project_Settings/Startup_Code/__arm_start.o
LOAD ./Project_Settings/Startup_Code/__arm_end.o
LOAD ./Sources/util.o
LOAD ./Sources/timers.o
LOAD ./Sources/sa_mtb.o
LOAD ./Sources/main.o
LOAD ./Sources/game.o
LOAD ./Sources/dino.o
LOAD ./Sources/cactus.o
LOAD ./Sources/TPM.o
LOAD ./Sources/ISR.o
LOAD ./Sources/GPIO_switches.o
LOAD ./Sources/GPIO_latch_lcd.o
LOAD ./Sources/ADC.o
START GROUP
LOAD C:/Freescale/CW111/MCU/ARM_GCC_Support/ewl/lib/armv6-m\libc.a
LOAD C:/Freescale/CW111/MCU/ARM_GCC_Support/ewl/lib/armv6-m\libm.a
LOAD c:/freescale/cw111/cross_tools/arm-none-eabi-gcc-4_7_3/bin/../lib/gcc/arm-none-eabi/4.7.3/armv6-m\libgcc.a
LOAD C:/Freescale/CW111/MCU/ARM_GCC_Support/ewl/lib/armv6-m\librt.a
END GROUP
                0x20003000                _estack = 0x20003000
                0x20003000                __SP_INIT = _estack
                0x00000400                __heap_size = 0x400
                0x00000400                __stack_size = 0x400

.interrupts     0x00000000       0xc0
                0x00000000                __vector_table = .
                0x00000000                . = ALIGN (0x4)
 *(.vectortable)
 .vectortable   0x00000000       0xc0 ./Project_Settings/Startup_Code/kinetis_sysinit.o
                0x00000000                InterruptVector
                0x000000c0                . = ALIGN (0x4)

.cfmprotect     0x00000400        0x0
                0x00000400                . = ALIGN (0x4)
 *(.cfmconfig)
                0x00000400                . = ALIGN (0x4)

.text           0x00000800     0x3e30
                0x00000800                . = ALIGN (0x4)
 *(.text)
 .text          0x00000800       0x9c c:/freescale/cw111/cross_tools/arm-none-eabi-gcc-4_7_3/bin/../lib/gcc/arm-none-eabi/4.7.3/armv6-m\libgcc.a(_udivsi3.o)
                0x00000800                __aeabi_uidiv
                0x00000800                __udivsi3
                0x00000888                __aeabi_uidivmod
 .text          0x0000089c        0x4 c:/freescale/cw111/cross_tools/arm-none-eabi-gcc-4_7_3/bin/../lib/gcc/arm-none-eabi/4.7.3/armv6-m\libgcc.a(_dvmd_tls.o)
                0x0000089c                __aeabi_idiv0
                0x0000089c                __aeabi_ldiv0
 .text          0x000008a0       0x74 c:/freescale/cw111/cross_tools/arm-none-eabi-gcc-4_7_3/bin/../lib/gcc/arm-none-eabi/4.7.3/armv6-m\libgcc.a(_arm_cmpsf2.o)
                0x000008a0                __aeabi_cfrcmple
                0x000008a8                __aeabi_cfcmpeq
                0x000008a8                __aeabi_cfcmple
                0x000008b8                __aeabi_fcmpeq
                0x000008c4                __aeabi_fcmplt
                0x000008d8                __aeabi_fcmple
                0x000008ec                __aeabi_fcmpgt
                0x00000900                __aeabi_fcmpge
 .text          0x00000914       0x30 c:/freescale/cw111/cross_tools/arm-none-eabi-gcc-4_7_3/bin/../lib/gcc/arm-none-eabi/4.7.3/armv6-m\libgcc.a(_fixunssfsi.o)
                0x00000914                __fixunssfsi
                0x00000914                __aeabi_f2uiz
 *fill*         0x00000944        0x4 00
 .text          0x00000948       0x40 c:/freescale/cw111/cross_tools/arm-none-eabi-gcc-4_7_3/bin/../lib/gcc/arm-none-eabi/4.7.3/armv6-m\libgcc.a(_fixunsdfsi.o)
                0x00000948                __aeabi_d2uiz
                0x00000948                __fixunsdfsi
 .text          0x00000988      0x274 c:/freescale/cw111/cross_tools/arm-none-eabi-gcc-4_7_3/bin/../lib/gcc/arm-none-eabi/4.7.3/armv6-m\libgcc.a(divsf3.o)
                0x00000988                __aeabi_fdiv
 .text          0x00000bfc       0x50 c:/freescale/cw111/cross_tools/arm-none-eabi-gcc-4_7_3/bin/../lib/gcc/arm-none-eabi/4.7.3/armv6-m\libgcc.a(eqsf2.o)
                0x00000bfc                __eqsf2
                0x00000bfc                __nesf2
 .text          0x00000c4c       0x90 c:/freescale/cw111/cross_tools/arm-none-eabi-gcc-4_7_3/bin/../lib/gcc/arm-none-eabi/4.7.3/armv6-m\libgcc.a(gesf2.o)
                0x00000c4c                __gesf2
                0x00000c4c                __gtsf2
 .text          0x00000cdc       0x90 c:/freescale/cw111/cross_tools/arm-none-eabi-gcc-4_7_3/bin/../lib/gcc/arm-none-eabi/4.7.3/armv6-m\libgcc.a(lesf2.o)
                0x00000cdc                __ltsf2
                0x00000cdc                __lesf2
 .text          0x00000d6c      0x260 c:/freescale/cw111/cross_tools/arm-none-eabi-gcc-4_7_3/bin/../lib/gcc/arm-none-eabi/4.7.3/armv6-m\libgcc.a(mulsf3.o)
                0x00000d6c                __aeabi_fmul
 .text          0x00000fcc      0x3ac c:/freescale/cw111/cross_tools/arm-none-eabi-gcc-4_7_3/bin/../lib/gcc/arm-none-eabi/4.7.3/armv6-m\libgcc.a(subsf3.o)
                0x00000fcc                __aeabi_fsub
 .text          0x00001378       0x40 c:/freescale/cw111/cross_tools/arm-none-eabi-gcc-4_7_3/bin/../lib/gcc/arm-none-eabi/4.7.3/armv6-m\libgcc.a(fixsfsi.o)
                0x00001378                __aeabi_f2iz
 .text          0x000013b8       0xa8 c:/freescale/cw111/cross_tools/arm-none-eabi-gcc-4_7_3/bin/../lib/gcc/arm-none-eabi/4.7.3/armv6-m\libgcc.a(floatsisf.o)
                0x000013b8                __aeabi_i2f
 .text          0x00001460       0xa8 c:/freescale/cw111/cross_tools/arm-none-eabi-gcc-4_7_3/bin/../lib/gcc/arm-none-eabi/4.7.3/armv6-m\libgcc.a(floatunsisf.o)
                0x00001460                __aeabi_ui2f
 .text          0x00001508      0x4e4 c:/freescale/cw111/cross_tools/arm-none-eabi-gcc-4_7_3/bin/../lib/gcc/arm-none-eabi/4.7.3/armv6-m\libgcc.a(muldf3.o)
                0x00001508                __aeabi_dmul
 .text          0x000019ec      0x6f8 c:/freescale/cw111/cross_tools/arm-none-eabi-gcc-4_7_3/bin/../lib/gcc/arm-none-eabi/4.7.3/armv6-m\libgcc.a(subdf3.o)
                0x000019ec                __aeabi_dsub
 .text          0x000020e4       0x68 c:/freescale/cw111/cross_tools/arm-none-eabi-gcc-4_7_3/bin/../lib/gcc/arm-none-eabi/4.7.3/armv6-m\libgcc.a(fixdfsi.o)
                0x000020e4                __aeabi_d2iz
 .text          0x0000214c       0x74 c:/freescale/cw111/cross_tools/arm-none-eabi-gcc-4_7_3/bin/../lib/gcc/arm-none-eabi/4.7.3/armv6-m\libgcc.a(floatsidf.o)
                0x0000214c                __aeabi_i2d
 .text          0x000021c0       0x64 c:/freescale/cw111/cross_tools/arm-none-eabi-gcc-4_7_3/bin/../lib/gcc/arm-none-eabi/4.7.3/armv6-m\libgcc.a(floatunsidf.o)
                0x000021c0                __aeabi_ui2d
 .text          0x00002224       0x7c c:/freescale/cw111/cross_tools/arm-none-eabi-gcc-4_7_3/bin/../lib/gcc/arm-none-eabi/4.7.3/armv6-m\libgcc.a(_arm_cmpdf2.o)
                0x00002224                __aeabi_cdrcmple
                0x00002234                __aeabi_cdcmple
                0x00002234                __aeabi_cdcmpeq
                0x00002244                __aeabi_dcmpeq
                0x00002250                __aeabi_dcmplt
                0x00002264                __aeabi_dcmple
                0x00002278                __aeabi_dcmpgt
                0x0000228c                __aeabi_dcmpge
 .text          0x000022a0       0x3c c:/freescale/cw111/cross_tools/arm-none-eabi-gcc-4_7_3/bin/../lib/gcc/arm-none-eabi/4.7.3/armv6-m\libgcc.a(_clzsi2.o)
                0x000022a0                __clzsi2
 .text          0x000022dc       0x7c c:/freescale/cw111/cross_tools/arm-none-eabi-gcc-4_7_3/bin/../lib/gcc/arm-none-eabi/4.7.3/armv6-m\libgcc.a(eqdf2.o)
                0x000022dc                __nedf2
                0x000022dc                __eqdf2
 .text          0x00002358       0xe8 c:/freescale/cw111/cross_tools/arm-none-eabi-gcc-4_7_3/bin/../lib/gcc/arm-none-eabi/4.7.3/armv6-m\libgcc.a(gedf2.o)
                0x00002358                __gedf2
                0x00002358                __gtdf2
 .text          0x00002440       0xd8 c:/freescale/cw111/cross_tools/arm-none-eabi-gcc-4_7_3/bin/../lib/gcc/arm-none-eabi/4.7.3/armv6-m\libgcc.a(ledf2.o)
                0x00002440                __ledf2
                0x00002440                __ltdf2
 *(.text*)
 .text.Default_Handler
                0x00002518        0xc ./Project_Settings/Startup_Code/kinetis_sysinit.o
                0x00002518                RTC_Alarm_IRQHandler
                0x00002518                I2C0_IRQHandler
                0x00002518                HardFault_Handler
                0x00002518                PendSV_Handler
                0x00002518                NMI_Handler
                0x00002518                I2C1_IRQHandler
                0x00002518                UART1_IRQHandler
                0x00002518                DMA2_IRQHandler
                0x00002518                TSI0_IRQHandler
                0x00002518                UART0_IRQHandler
                0x00002518                SPI1_IRQHandler
                0x00002518                PORTD_IRQHandler
                0x00002518                LPTimer_IRQHandler
                0x00002518                FTM1_IRQHandler
                0x00002518                RTC_Seconds_IRQHandler
                0x00002518                MCG_IRQHandler
                0x00002518                UART2_IRQHandler
                0x00002518                Default_Handler
                0x00002518                LLW_IRQHandler
                0x00002518                SVC_Handler
                0x00002518                USBOTG_IRQHandler
                0x00002518                DMA3_IRQHandler
                0x00002518                DMA0_IRQHandler
                0x00002518                DAC0_IRQHandler
                0x00002518                PMC_IRQHandler
                0x00002518                SPI0_IRQHandler
                0x00002518                FTM0_IRQHandler
                0x00002518                MCM_IRQHandler
                0x00002518                FTFL_IRQHandler
                0x00002518                FTM2_IRQHandler
                0x00002518                CMP0_IRQHandler
                0x00002518                DMA1_IRQHandler
 .text.__init_hardware
                0x00002524       0x2c ./Project_Settings/Startup_Code/kinetis_sysinit.o
                0x00002524                __init_hardware
 .text.zero_fill_bss
                0x00002550       0x24 ./Project_Settings/Startup_Code/__arm_start.o
 .text.__thumb_startup
                0x00002574       0x30 ./Project_Settings/Startup_Code/__arm_start.o
                0x00002574                __thumb_startup
 .text._ExitProcess
                0x000025a4        0xc ./Project_Settings/Startup_Code/__arm_end.o
                0x000025a4                _ExitProcess
 .text.delay_10us
                0x000025b0       0x28 ./Sources/util.o
                0x000025b0                delay_10us
 .text.itoa     0x000025d8      0x180 ./Sources/util.o
                0x000025d8                itoa
 .text.SIM_setaOUTDIV4
                0x00002758       0x48 ./Sources/timers.o
                0x00002758                SIM_setaOUTDIV4
 .text.SysTick_init
                0x000027a0       0x30 ./Sources/timers.o
                0x000027a0                SysTick_init
 .text.SysTick_ativaInterrupt
                0x000027d0       0x18 ./Sources/timers.o
                0x000027d0                SysTick_ativaInterrupt
 .text.SysTick_desativaInterrupt
                0x000027e8       0x18 ./Sources/timers.o
                0x000027e8                SysTick_desativaInterrupt
 .text.PIT_ativaTimer0
                0x00002800       0x18 ./Sources/timers.o
                0x00002800                PIT_ativaTimer0
 .text.PIT_initSemAtivacaoTimer0
                0x00002818       0x94 ./Sources/timers.o
                0x00002818                PIT_initSemAtivacaoTimer0
 .text.PIT_ativaIRQ
                0x000028ac       0x74 ./Sources/timers.o
                0x000028ac                PIT_ativaIRQ
 .text.RTClpo_init
                0x00002920       0x6c ./Sources/timers.o
                0x00002920                RTClpo_init
 .text.main     0x0000298c       0xf0 ./Sources/main.o
                0x0000298c                main
 .text.initGame
                0x00002a7c       0x2c ./Sources/game.o
                0x00002a7c                initGame
 .text.getGame  0x00002aa8       0x28 ./Sources/game.o
                0x00002aa8                getGame
 .text.setGameState
                0x00002ad0       0x20 ./Sources/game.o
                0x00002ad0                setGameState
 .text.setGameLevel
                0x00002af0       0x20 ./Sources/game.o
                0x00002af0                setGameLevel
 .text.setGameScore
                0x00002b10       0x20 ./Sources/game.o
                0x00002b10                setGameScore
 .text.setGameTurns
                0x00002b30       0x20 ./Sources/game.o
                0x00002b30                setGameTurns
 .text.setGameProgress
                0x00002b50       0x60 ./Sources/game.o
                0x00002b50                setGameProgress
 .text.renderGameLevel
                0x00002bb0       0x68 ./Sources/game.o
                0x00002bb0                renderGameLevel
 .text.renderGameState
                0x00002c18       0x74 ./Sources/game.o
                0x00002c18                renderGameState
 .text.renderGameScore
                0x00002c8c       0x94 ./Sources/game.o
                0x00002c8c                renderGameScore
 .text.cleanGameScore
                0x00002d20       0x18 ./Sources/game.o
                0x00002d20                cleanGameScore
 .text.getDino  0x00002d38       0x58 ./Sources/dino.o
                0x00002d38                getDino
 .text.initDino
                0x00002d90       0x24 ./Sources/dino.o
                0x00002d90                initDino
 .text.renderDino
                0x00002db4      0x1f0 ./Sources/dino.o
                0x00002db4                renderDino
 .text.dinoJumpingBegin
                0x00002fa4       0x38 ./Sources/dino.o
                0x00002fa4                dinoJumpingBegin
 .text.dinoJumpingEnd
                0x00002fdc       0x30 ./Sources/dino.o
                0x00002fdc                dinoJumpingEnd
 .text.dinoMoveY
                0x0000300c       0xe0 ./Sources/dino.o
                0x0000300c                dinoMoveY
 .text.dinoKill
                0x000030ec       0x18 ./Sources/dino.o
                0x000030ec                dinoKill
 .text.initCactus
                0x00003104       0x7c ./Sources/cactus.o
                0x00003104                initCactus
 .text.getCactus
                0x00003180       0x28 ./Sources/cactus.o
                0x00003180                getCactus
 .text.setCactusPosition
                0x000031a8       0x20 ./Sources/cactus.o
                0x000031a8                setCactusPosition
 .text.renderCactus
                0x000031c8       0x9c ./Sources/cactus.o
                0x000031c8                renderCactus
 .text.TPM_initPTB0EPWM
                0x00003264       0x78 ./Sources/TPM.o
                0x00003264                TPM_initPTB0EPWM
 .text.TPM_init
                0x000032dc      0x134 ./Sources/TPM.o
                0x000032dc                TPM_init
 .text.TPM_initChEPWM
                0x00003410      0x160 ./Sources/TPM.o
                0x00003410                TPM_initChEPWM
 .text.SysTick_Handler
                0x00003570      0x258 ./Sources/ISR.o
                0x00003570                SysTick_Handler
 .text.PORTA_IRQHandler
                0x000037c8      0x11c ./Sources/ISR.o
                0x000037c8                PORTA_IRQHandler
 .text.ADC0_IRQHandler
                0x000038e4       0x24 ./Sources/ISR.o
                0x000038e4                ADC0_IRQHandler
 .text.PIT_IRQHandler
                0x00003908       0x2c ./Sources/ISR.o
                0x00003908                PIT_IRQHandler
 .text.ISR_LeValorAmostrado
                0x00003934       0x14 ./Sources/ISR.o
                0x00003934                ISR_LeValorAmostrado
 .text.ISR_LeByteProgresso
                0x00003948       0x14 ./Sources/ISR.o
                0x00003948                ISR_LeByteProgresso
 .text.GPIO_amostraSwitchesISF
                0x0000395c       0x24 ./Sources/GPIO_switches.o
                0x0000395c                GPIO_amostraSwitchesISF
 .text.GPIO_initSwitches
                0x00003980       0xa4 ./Sources/GPIO_switches.o
                0x00003980                GPIO_initSwitches
 .text.GPIO_habilitaSwitchesInterrupt
                0x00003a24       0xc0 ./Sources/GPIO_switches.o
                0x00003a24                GPIO_habilitaSwitchesInterrupt
 .text.GPIO_ativaConLatchLCD
                0x00003ae4       0xf0 ./Sources/GPIO_latch_lcd.o
                0x00003ae4                GPIO_ativaConLatchLCD
 .text.GPIO_initLCD
                0x00003bd4       0xf0 ./Sources/GPIO_latch_lcd.o
                0x00003bd4                GPIO_initLCD
 .text.GPIO_escreveByteLatch
                0x00003cc4       0x50 ./Sources/GPIO_latch_lcd.o
                0x00003cc4                GPIO_escreveByteLatch
 .text.GPIO_escreveByteLCD
                0x00003d14       0x58 ./Sources/GPIO_latch_lcd.o
                0x00003d14                GPIO_escreveByteLCD
 .text.GPIO_setRS
                0x00003d6c       0x38 ./Sources/GPIO_latch_lcd.o
                0x00003d6c                GPIO_setRS
 .text.GPIO_escreveBitmapLCD
                0x00003da4       0x7c ./Sources/GPIO_latch_lcd.o
                0x00003da4                GPIO_escreveBitmapLCD
 .text.GPIO_escreveStringLCD
                0x00003e20       0x5c ./Sources/GPIO_latch_lcd.o
                0x00003e20                GPIO_escreveStringLCD
 .text.ADC0_calibrate
                0x00003e7c      0x1e4 ./Sources/ADC.o
                0x00003e7c                ADC0_calibrate
 .text.ADC0_configure
                0x00004060      0x114 ./Sources/ADC.o
                0x00004060                ADC0_configure
 .text.ADC0_init
                0x00004174       0x38 ./Sources/ADC.o
                0x00004174                ADC0_init
 .text.ADC0_connectPTB1ToChannel
                0x000041ac       0x44 ./Sources/ADC.o
                0x000041ac                ADC0_connectPTB1ToChannel
 .text.ADC0_initADHWT
                0x000041f0       0x68 ./Sources/ADC.o
                0x000041f0                ADC0_initADHWT
 .text.ADC0_selChannel
                0x00004258       0x34 ./Sources/ADC.o
                0x00004258                ADC0_selChannel
 .text.ADC0_ativaIRQ
                0x0000428c       0x64 ./Sources/ADC.o
                0x0000428c                ADC0_ativaIRQ
 .text.exit     0x000042f0       0x38 C:/Freescale/CW111/MCU/ARM_GCC_Support/ewl/lib/armv6-m\libc.a(exit.o)
                0x000042f0                exit
 .text.rand     0x00004328       0x20 C:/Freescale/CW111/MCU/ARM_GCC_Support/ewl/lib/armv6-m\libc.a(rand.o)
                0x00004328                rand
 .text.memset   0x00004348        0xc C:/Freescale/CW111/MCU/ARM_GCC_Support/ewl/lib/armv6-m\libc.a(memset.o)
                0x00004348                memset
 .text.__fill_mem
                0x00004354       0x7e C:/Freescale/CW111/MCU/ARM_GCC_Support/ewl/lib/armv6-m\libc.a(__filll_mem.o)
                0x00004354                __fill_mem
 .text.memcpy   0x000043d2       0x12 C:/Freescale/CW111/MCU/ARM_GCC_Support/ewl/lib/armv6-m\libc.a(memcpy.o)
                0x000043d2                memcpy
 .text.strlen   0x000043e4       0x10 C:/Freescale/CW111/MCU/ARM_GCC_Support/ewl/lib/armv6-m\libc.a(strlen.o)
                0x000043e4                strlen
 .text.__init_cpp
                0x000043f4       0x48 C:/Freescale/CW111/MCU/ARM_GCC_Support/ewl/lib/armv6-m\librt.a(gcc_ctor_dtor.o)
                0x000043f4                __init_cpp
 .text.__fini_cpp
                0x0000443c       0x34 C:/Freescale/CW111/MCU/ARM_GCC_Support/ewl/lib/armv6-m\librt.a(gcc_ctor_dtor.o)
                0x0000443c                __fini_cpp
 .text.__destroy_global_chain
                0x00004470       0x1c C:/Freescale/CW111/MCU/ARM_GCC_Support/ewl/lib/armv6-m\librt.a(__arm_eabi_init.o)
                0x00004470                __destroy_global_chain
 .text.__init_registers
                0x0000448c       0x1c C:/Freescale/CW111/MCU/ARM_GCC_Support/ewl/lib/armv6-m\librt.a(__arm_eabi_init.o)
                0x0000448c                __init_registers
 .text.__init_user
                0x000044a8        0x4 C:/Freescale/CW111/MCU/ARM_GCC_Support/ewl/lib/armv6-m\librt.a(__arm_eabi_init.o)
                0x000044a8                __init_user
 .text.__copy_rom_section
                0x000044ac       0x48 C:/Freescale/CW111/MCU/ARM_GCC_Support/ewl/lib/armv6-m\librt.a(ROMCopy.o)
                0x000044ac                __copy_rom_section
 .text.__copy_rom_sections_to_ram
                0x000044f4       0x34 C:/Freescale/CW111/MCU/ARM_GCC_Support/ewl/lib/armv6-m\librt.a(ROMCopy.o)
                0x000044f4                __copy_rom_sections_to_ram
 *(.rodata)
 .rodata        0x00004528       0x40 ./Sources/game.o
 .rodata        0x00004568        0x8 ./Sources/cactus.o
 .rodata        0x00004570       0x40 c:/freescale/cw111/cross_tools/arm-none-eabi-gcc-4_7_3/bin/../lib/gcc/arm-none-eabi/4.7.3/armv6-m\libgcc.a(divsf3.o)
 .rodata        0x000045b0       0x40 c:/freescale/cw111/cross_tools/arm-none-eabi-gcc-4_7_3/bin/../lib/gcc/arm-none-eabi/4.7.3/armv6-m\libgcc.a(mulsf3.o)
 .rodata        0x000045f0       0x40 c:/freescale/cw111/cross_tools/arm-none-eabi-gcc-4_7_3/bin/../lib/gcc/arm-none-eabi/4.7.3/armv6-m\libgcc.a(muldf3.o)
 *(.rodata*)
 *(.glue_7)
 .glue_7        0x00000000        0x0 linker stubs
 *(.glue_7t)
 .glue_7t       0x00000000        0x0 linker stubs
 *(.eh_frame)
 *(.init)
 *(.fini)
                0x00004630                . = ALIGN (0x4)
                0x00004630                _etext = .

.vfp11_veneer   0x00004630        0x0
 .vfp11_veneer  0x00000000        0x0 linker stubs

.v4_bx          0x00004630        0x0
 .v4_bx         0x00000000        0x0 linker stubs

.iplt           0x00004630        0x0
 .iplt          0x00000000        0x0 ./Project_Settings/Startup_Code/kinetis_sysinit.o

.rel.dyn        0x00004630        0x0
 .rel.iplt      0x00000000        0x0 ./Project_Settings/Startup_Code/kinetis_sysinit.o

.ARM.extab
 *(.ARM.extab* .gnu.linkonce.armextab.*)

.ARM            0x00004630        0x0
                0x00004630                __exidx_start = .
 *(.ARM.exidx*)
                0x00004630                __exidx_end = .

.ctors          0x00004630        0x0
                0x00004630                __CTOR_LIST__ = .
 *crtbegin.o(.ctors)
 *(EXCLUDE_FILE(*crtend.o) .ctors)
 *(SORT(.ctors.*))
 *(.ctors)
                0x00004630                __CTOR_END__ = .

.dtors          0x00004630        0x0
                0x00004630                __DTOR_LIST__ = .
 *crtbegin.o(.dtors)
 *(EXCLUDE_FILE(*crtend.o) .dtors)
 *(SORT(.dtors.*))
 *(.dtors)
                0x00004630                __DTOR_END__ = .

.preinit_array  0x00004630        0x0
                0x00004630                PROVIDE (__preinit_array_start, .)
 *(.preinit_array*)
                0x00004630                PROVIDE (__preinit_array_end, .)

.init_array     0x00004630        0x0
                0x00004630                PROVIDE (__init_array_start, .)
 *(SORT(.init_array.*))
 *(.init_array*)
                0x00004630                PROVIDE (__init_array_end, .)

.fini_array     0x00004630        0x0
                0x00004630                PROVIDE (__fini_array_start, .)
 *(SORT(.fini_array.*))
 *(.fini_array*)
                0x00004630                PROVIDE (__fini_array_end, .)
                0x00004630                ___ROM_AT = .

.mtb            0x1ffff000        0x0
                0x1ffff000                . = ALIGN (0x8)
                0x1ffff000                _mtb_start = .
 *(.mtb_buf)
                0x1ffff000                . = ALIGN (0x8)
                0x1ffff000                _mtb_end = .

.data           0x1ffff000       0x80 load address 0x00004630
                0x1ffff000                . = ALIGN (0x4)
                0x1ffff000                _sdata = .
 *(.data)
 *(.data*)
 .data.config   0x1ffff000       0x14 ./Sources/main.o
                0x1ffff000                config
 .data.game_score.4749
                0x1ffff014        0x2 ./Sources/game.o
 .data.game_state.4750
                0x1ffff016        0x1 ./Sources/game.o
 *fill*         0x1ffff017        0x1 00
 .data.scoreStr.4751
                0x1ffff018        0x8 ./Sources/game.o
 .data.game_state.4740
                0x1ffff020        0x1 ./Sources/game.o
 .data.level.4728
                0x1ffff021        0x1 ./Sources/game.o
 *fill*         0x1ffff022        0x2 00
 .data.lvl1.4729
                0x1ffff024        0x8 ./Sources/game.o
 .data.lvl2.4730
                0x1ffff02c        0x8 ./Sources/game.o
 .data.lvl3.4731
                0x1ffff034        0x8 ./Sources/game.o
 .data.lvlString.4732
                0x1ffff03c        0x4 ./Sources/game.o
 .data.dino_bitmap
                0x1ffff040        0x8 ./Sources/dino.o
 .data.y.4733   0x1ffff048        0x1 ./Sources/dino.o
 .data.game_state.4734
                0x1ffff049        0x1 ./Sources/dino.o
 *fill*         0x1ffff04a        0x2 00
 .data.upper_string.4737
                0x1ffff04c        0x4 ./Sources/dino.o
 .data.lower_string.4738
                0x1ffff050        0x4 ./Sources/dino.o
 .data.x.4664   0x1ffff054        0x1 ./Sources/cactus.o
 *fill*         0x1ffff055        0x3 00
 .data.TPM      0x1ffff058        0xc ./Sources/TPM.o
 .data.PORT     0x1ffff064       0x14 ./Sources/TPM.o
 .data.level_timer
                0x1ffff078        0x1 ./Sources/ISR.o
 *fill*         0x1ffff079        0x3 00
 .data.random_next
                0x1ffff07c        0x4 C:/Freescale/CW111/MCU/ARM_GCC_Support/ewl/lib/armv6-m\libc.a(rand.o)
                0x1ffff080                . = ALIGN (0x4)
                0x1ffff080                _edata = .
                0x00000080                ___data_size = (_edata - _sdata)

.igot.plt       0x1ffff080        0x0 load address 0x000046b0
 .igot.plt      0x00000000        0x0 ./Project_Settings/Startup_Code/kinetis_sysinit.o
                0x1ffff080                . = ALIGN (0x4)

.bss            0x1ffff080       0x38 load address 0x000046b0
                0x1ffff080                __START_BSS = .
                0x1ffff080                PROVIDE (__bss_start__, __START_BSS)
 *(.bss)
 *(.bss*)
 .bss.argv      0x1ffff080        0x4 ./Project_Settings/Startup_Code/__arm_start.o
 .bss.game      0x1ffff084        0x8 ./Sources/game.o
 .bss.dino      0x1ffff08c        0x4 ./Sources/dino.o
 .bss.cactus    0x1ffff090        0xc ./Sources/cactus.o
 .bss.valor     0x1ffff09c        0x2 ./Sources/ISR.o
 .bss.counter   0x1ffff09e        0x1 ./Sources/ISR.o
 .bss.byte      0x1ffff09f        0x1 ./Sources/ISR.o
 .bss.__stdio_exit
                0x1ffff0a0        0x4 C:/Freescale/CW111/MCU/ARM_GCC_Support/ewl/lib/armv6-m\libc.a(exit.o)
                0x1ffff0a0                __stdio_exit
 .bss.__console_exit
                0x1ffff0a4        0x4 C:/Freescale/CW111/MCU/ARM_GCC_Support/ewl/lib/armv6-m\libc.a(exit.o)
                0x1ffff0a4                __console_exit
 .bss.__global_destructor_chain
                0x1ffff0a8        0x4 C:/Freescale/CW111/MCU/ARM_GCC_Support/ewl/lib/armv6-m\librt.a(__arm_eabi_init.o)
                0x1ffff0a8                __global_destructor_chain
 .bss.__S_romp  0x1ffff0ac        0xc C:/Freescale/CW111/MCU/ARM_GCC_Support/ewl/lib/armv6-m\librt.a(ROMCopy.o)
 *(COMMON)
                0x1ffff0b8                . = ALIGN (0x4)
                0x1ffff0b8                __END_BSS = .
                0x1ffff0b8                PROVIDE (__bss_end__, __END_BSS)
                0x000046b0                _romp_at = (___ROM_AT + SIZEOF (.data))

.romp           0x1ffff0b8       0x18 load address 0x000046b0
                0x000046b0                __S_romp = _romp_at
                0x1ffff0b8        0x4 LONG 0x4630 ___ROM_AT
                0x1ffff0bc        0x4 LONG 0x1ffff000 _sdata
                0x1ffff0c0        0x4 LONG 0x80 ___data_size
                0x1ffff0c4        0x4 LONG 0x0
                0x1ffff0c8        0x4 LONG 0x0
                0x1ffff0cc        0x4 LONG 0x0

._user_heap_stack
                0x1ffff0d0      0x800 load address 0x000046c8
                0x1ffff0d0                . = ALIGN (0x4)
                0x1ffff0d0                PROVIDE (end, .)
                0x1ffff0d0                PROVIDE (_end, .)
                0x1ffff0d0                __heap_addr = .
                0x1ffff4d0                . = (. + __heap_size)
 *fill*         0x1ffff0d0      0x400 00
                0x1ffff8d0                . = (. + __stack_size)
 *fill*         0x1ffff4d0      0x400 00
                0x1ffff8d0                . = ALIGN (0x4)

.ARM.attributes
                0x00000000       0x31
 *(.ARM.attributes)
 .ARM.attributes
                0x00000000       0x31 ./Project_Settings/Startup_Code/kinetis_sysinit.o
 .ARM.attributes
                0x00000031       0x31 ./Project_Settings/Startup_Code/__arm_start.o
 .ARM.attributes
                0x00000062       0x31 ./Project_Settings/Startup_Code/__arm_end.o
 .ARM.attributes
                0x00000093       0x31 ./Sources/util.o
 .ARM.attributes
                0x000000c4       0x31 ./Sources/timers.o
 .ARM.attributes
                0x000000f5       0x31 ./Sources/main.o
 .ARM.attributes
                0x00000126       0x31 ./Sources/game.o
 .ARM.attributes
                0x00000157       0x31 ./Sources/dino.o
 .ARM.attributes
                0x00000188       0x31 ./Sources/cactus.o
 .ARM.attributes
                0x000001b9       0x31 ./Sources/TPM.o
 .ARM.attributes
                0x000001ea       0x31 ./Sources/ISR.o
 .ARM.attributes
                0x0000021b       0x31 ./Sources/GPIO_switches.o
 .ARM.attributes
                0x0000024c       0x31 ./Sources/GPIO_latch_lcd.o
 .ARM.attributes
                0x0000027d       0x31 ./Sources/ADC.o
 .ARM.attributes
                0x000002ae       0x31 C:/Freescale/CW111/MCU/ARM_GCC_Support/ewl/lib/armv6-m\libc.a(exit.o)
 .ARM.attributes
                0x000002df       0x31 C:/Freescale/CW111/MCU/ARM_GCC_Support/ewl/lib/armv6-m\libc.a(rand.o)
 .ARM.attributes
                0x00000310       0x31 C:/Freescale/CW111/MCU/ARM_GCC_Support/ewl/lib/armv6-m\libc.a(memset.o)
 .ARM.attributes
                0x00000341       0x31 C:/Freescale/CW111/MCU/ARM_GCC_Support/ewl/lib/armv6-m\libc.a(__filll_mem.o)
 .ARM.attributes
                0x00000372       0x31 C:/Freescale/CW111/MCU/ARM_GCC_Support/ewl/lib/armv6-m\libc.a(memcpy.o)
 .ARM.attributes
                0x000003a3       0x31 C:/Freescale/CW111/MCU/ARM_GCC_Support/ewl/lib/armv6-m\libc.a(strlen.o)
 .ARM.attributes
                0x000003d4       0x1e c:/freescale/cw111/cross_tools/arm-none-eabi-gcc-4_7_3/bin/../lib/gcc/arm-none-eabi/4.7.3/armv6-m\libgcc.a(_udivsi3.o)
 .ARM.attributes
                0x000003f2       0x1e c:/freescale/cw111/cross_tools/arm-none-eabi-gcc-4_7_3/bin/../lib/gcc/arm-none-eabi/4.7.3/armv6-m\libgcc.a(_dvmd_tls.o)
 .ARM.attributes
                0x00000410       0x1e c:/freescale/cw111/cross_tools/arm-none-eabi-gcc-4_7_3/bin/../lib/gcc/arm-none-eabi/4.7.3/armv6-m\libgcc.a(_arm_cmpsf2.o)
 .ARM.attributes
                0x0000042e       0x2c c:/freescale/cw111/cross_tools/arm-none-eabi-gcc-4_7_3/bin/../lib/gcc/arm-none-eabi/4.7.3/armv6-m\libgcc.a(_fixunssfsi.o)
 .ARM.attributes
                0x0000045a       0x2c c:/freescale/cw111/cross_tools/arm-none-eabi-gcc-4_7_3/bin/../lib/gcc/arm-none-eabi/4.7.3/armv6-m\libgcc.a(_fixunsdfsi.o)
 .ARM.attributes
                0x00000486       0x2c c:/freescale/cw111/cross_tools/arm-none-eabi-gcc-4_7_3/bin/../lib/gcc/arm-none-eabi/4.7.3/armv6-m\libgcc.a(divsf3.o)
 .ARM.attributes
                0x000004b2       0x2c c:/freescale/cw111/cross_tools/arm-none-eabi-gcc-4_7_3/bin/../lib/gcc/arm-none-eabi/4.7.3/armv6-m\libgcc.a(eqsf2.o)
 .ARM.attributes
                0x000004de       0x2c c:/freescale/cw111/cross_tools/arm-none-eabi-gcc-4_7_3/bin/../lib/gcc/arm-none-eabi/4.7.3/armv6-m\libgcc.a(gesf2.o)
 .ARM.attributes
                0x0000050a       0x2c c:/freescale/cw111/cross_tools/arm-none-eabi-gcc-4_7_3/bin/../lib/gcc/arm-none-eabi/4.7.3/armv6-m\libgcc.a(lesf2.o)
 .ARM.attributes
                0x00000536       0x2c c:/freescale/cw111/cross_tools/arm-none-eabi-gcc-4_7_3/bin/../lib/gcc/arm-none-eabi/4.7.3/armv6-m\libgcc.a(mulsf3.o)
 .ARM.attributes
                0x00000562       0x2c c:/freescale/cw111/cross_tools/arm-none-eabi-gcc-4_7_3/bin/../lib/gcc/arm-none-eabi/4.7.3/armv6-m\libgcc.a(subsf3.o)
 .ARM.attributes
                0x0000058e       0x2c c:/freescale/cw111/cross_tools/arm-none-eabi-gcc-4_7_3/bin/../lib/gcc/arm-none-eabi/4.7.3/armv6-m\libgcc.a(fixsfsi.o)
 .ARM.attributes
                0x000005ba       0x2c c:/freescale/cw111/cross_tools/arm-none-eabi-gcc-4_7_3/bin/../lib/gcc/arm-none-eabi/4.7.3/armv6-m\libgcc.a(floatsisf.o)
 .ARM.attributes
                0x000005e6       0x2c c:/freescale/cw111/cross_tools/arm-none-eabi-gcc-4_7_3/bin/../lib/gcc/arm-none-eabi/4.7.3/armv6-m\libgcc.a(floatunsisf.o)
 .ARM.attributes
                0x00000612       0x2c c:/freescale/cw111/cross_tools/arm-none-eabi-gcc-4_7_3/bin/../lib/gcc/arm-none-eabi/4.7.3/armv6-m\libgcc.a(muldf3.o)
 .ARM.attributes
                0x0000063e       0x2c c:/freescale/cw111/cross_tools/arm-none-eabi-gcc-4_7_3/bin/../lib/gcc/arm-none-eabi/4.7.3/armv6-m\libgcc.a(subdf3.o)
 .ARM.attributes
                0x0000066a       0x2c c:/freescale/cw111/cross_tools/arm-none-eabi-gcc-4_7_3/bin/../lib/gcc/arm-none-eabi/4.7.3/armv6-m\libgcc.a(fixdfsi.o)
 .ARM.attributes
                0x00000696       0x2c c:/freescale/cw111/cross_tools/arm-none-eabi-gcc-4_7_3/bin/../lib/gcc/arm-none-eabi/4.7.3/armv6-m\libgcc.a(floatsidf.o)
 .ARM.attributes
                0x000006c2       0x2c c:/freescale/cw111/cross_tools/arm-none-eabi-gcc-4_7_3/bin/../lib/gcc/arm-none-eabi/4.7.3/armv6-m\libgcc.a(floatunsidf.o)
 .ARM.attributes
                0x000006ee       0x1e c:/freescale/cw111/cross_tools/arm-none-eabi-gcc-4_7_3/bin/../lib/gcc/arm-none-eabi/4.7.3/armv6-m\libgcc.a(_arm_cmpdf2.o)
 .ARM.attributes
                0x0000070c       0x1e c:/freescale/cw111/cross_tools/arm-none-eabi-gcc-4_7_3/bin/../lib/gcc/arm-none-eabi/4.7.3/armv6-m\libgcc.a(_clzsi2.o)
 .ARM.attributes
                0x0000072a       0x2c c:/freescale/cw111/cross_tools/arm-none-eabi-gcc-4_7_3/bin/../lib/gcc/arm-none-eabi/4.7.3/armv6-m\libgcc.a(eqdf2.o)
 .ARM.attributes
                0x00000756       0x2c c:/freescale/cw111/cross_tools/arm-none-eabi-gcc-4_7_3/bin/../lib/gcc/arm-none-eabi/4.7.3/armv6-m\libgcc.a(gedf2.o)
 .ARM.attributes
                0x00000782       0x2c c:/freescale/cw111/cross_tools/arm-none-eabi-gcc-4_7_3/bin/../lib/gcc/arm-none-eabi/4.7.3/armv6-m\libgcc.a(ledf2.o)
 .ARM.attributes
                0x000007ae       0x31 C:/Freescale/CW111/MCU/ARM_GCC_Support/ewl/lib/armv6-m\librt.a(gcc_ctor_dtor.o)
 .ARM.attributes
                0x000007df       0x31 C:/Freescale/CW111/MCU/ARM_GCC_Support/ewl/lib/armv6-m\librt.a(__arm_eabi_init.o)
 .ARM.attributes
                0x00000810       0x31 C:/Freescale/CW111/MCU/ARM_GCC_Support/ewl/lib/armv6-m\librt.a(ROMCopy.o)
OUTPUT(dino.elf elf32-littlearm)

.debug_info     0x00000000     0x4984
 .debug_info    0x00000000      0x447 ./Project_Settings/Startup_Code/kinetis_sysinit.o
 .debug_info    0x00000447      0x12a ./Project_Settings/Startup_Code/__arm_start.o
 .debug_info    0x00000571       0x54 ./Project_Settings/Startup_Code/__arm_end.o
 .debug_info    0x000005c5      0x348 ./Sources/util.o
 .debug_info    0x0000090d      0x869 ./Sources/timers.o
 .debug_info    0x00001176      0x20b ./Sources/main.o
 .debug_info    0x00001381      0x3ac ./Sources/game.o
 .debug_info    0x0000172d      0x40f ./Sources/dino.o
 .debug_info    0x00001b3c      0x198 ./Sources/cactus.o
 .debug_info    0x00001cd4      0x73c ./Sources/TPM.o
 .debug_info    0x00002410      0x716 ./Sources/ISR.o
 .debug_info    0x00002b26      0x52b ./Sources/GPIO_switches.o
 .debug_info    0x00003051      0x583 ./Sources/GPIO_latch_lcd.o
 .debug_info    0x000035d4      0x822 ./Sources/ADC.o
 .debug_info    0x00003df6       0xe8 C:/Freescale/CW111/MCU/ARM_GCC_Support/ewl/lib/armv6-m\libc.a(exit.o)
 .debug_info    0x00003ede      0x100 C:/Freescale/CW111/MCU/ARM_GCC_Support/ewl/lib/armv6-m\libc.a(rand.o)
 .debug_info    0x00003fde       0xec C:/Freescale/CW111/MCU/ARM_GCC_Support/ewl/lib/armv6-m\libc.a(memset.o)
 .debug_info    0x000040ca      0x137 C:/Freescale/CW111/MCU/ARM_GCC_Support/ewl/lib/armv6-m\libc.a(__filll_mem.o)
 .debug_info    0x00004201      0x10f C:/Freescale/CW111/MCU/ARM_GCC_Support/ewl/lib/armv6-m\libc.a(memcpy.o)
 .debug_info    0x00004310       0xea C:/Freescale/CW111/MCU/ARM_GCC_Support/ewl/lib/armv6-m\libc.a(strlen.o)
 .debug_info    0x000043fa      0x136 C:/Freescale/CW111/MCU/ARM_GCC_Support/ewl/lib/armv6-m\librt.a(gcc_ctor_dtor.o)
 .debug_info    0x00004530      0x2b9 C:/Freescale/CW111/MCU/ARM_GCC_Support/ewl/lib/armv6-m\librt.a(__arm_eabi_init.o)
 .debug_info    0x000047e9      0x19b C:/Freescale/CW111/MCU/ARM_GCC_Support/ewl/lib/armv6-m\librt.a(ROMCopy.o)

.debug_abbrev   0x00000000     0x131c
 .debug_abbrev  0x00000000       0xe7 ./Project_Settings/Startup_Code/kinetis_sysinit.o
 .debug_abbrev  0x000000e7       0x92 ./Project_Settings/Startup_Code/__arm_start.o
 .debug_abbrev  0x00000179       0x4c ./Project_Settings/Startup_Code/__arm_end.o
 .debug_abbrev  0x000001c5       0xda ./Sources/util.o
 .debug_abbrev  0x0000029f      0x104 ./Sources/timers.o
 .debug_abbrev  0x000003a3       0xa4 ./Sources/main.o
 .debug_abbrev  0x00000447       0xde ./Sources/game.o
 .debug_abbrev  0x00000525      0x137 ./Sources/dino.o
 .debug_abbrev  0x0000065c       0xcf ./Sources/cactus.o
 .debug_abbrev  0x0000072b      0x13a ./Sources/TPM.o
 .debug_abbrev  0x00000865      0x142 ./Sources/ISR.o
 .debug_abbrev  0x000009a7       0xe2 ./Sources/GPIO_switches.o
 .debug_abbrev  0x00000a89      0x118 ./Sources/GPIO_latch_lcd.o
 .debug_abbrev  0x00000ba1      0x11e ./Sources/ADC.o
 .debug_abbrev  0x00000cbf       0x7a C:/Freescale/CW111/MCU/ARM_GCC_Support/ewl/lib/armv6-m\libc.a(exit.o)
 .debug_abbrev  0x00000d39       0x8e C:/Freescale/CW111/MCU/ARM_GCC_Support/ewl/lib/armv6-m\libc.a(rand.o)
 .debug_abbrev  0x00000dc7       0x62 C:/Freescale/CW111/MCU/ARM_GCC_Support/ewl/lib/armv6-m\libc.a(memset.o)
 .debug_abbrev  0x00000e29       0x78 C:/Freescale/CW111/MCU/ARM_GCC_Support/ewl/lib/armv6-m\libc.a(__filll_mem.o)
 .debug_abbrev  0x00000ea1       0x95 C:/Freescale/CW111/MCU/ARM_GCC_Support/ewl/lib/armv6-m\libc.a(memcpy.o)
 .debug_abbrev  0x00000f36       0x7a C:/Freescale/CW111/MCU/ARM_GCC_Support/ewl/lib/armv6-m\libc.a(strlen.o)
 .debug_abbrev  0x00000fb0       0x99 C:/Freescale/CW111/MCU/ARM_GCC_Support/ewl/lib/armv6-m\librt.a(gcc_ctor_dtor.o)
 .debug_abbrev  0x00001049      0x1b3 C:/Freescale/CW111/MCU/ARM_GCC_Support/ewl/lib/armv6-m\librt.a(__arm_eabi_init.o)
 .debug_abbrev  0x000011fc      0x120 C:/Freescale/CW111/MCU/ARM_GCC_Support/ewl/lib/armv6-m\librt.a(ROMCopy.o)

.debug_loc      0x00000000     0x18ba
 .debug_loc     0x00000000       0x58 ./Project_Settings/Startup_Code/kinetis_sysinit.o
 .debug_loc     0x00000058       0x2c ./Project_Settings/Startup_Code/__arm_start.o
 .debug_loc     0x00000084       0x38 ./Project_Settings/Startup_Code/__arm_end.o
 .debug_loc     0x000000bc      0x150 ./Sources/util.o
 .debug_loc     0x0000020c      0x400 ./Sources/timers.o
 .debug_loc     0x0000060c       0x38 ./Sources/main.o
 .debug_loc     0x00000644      0x238 ./Sources/game.o
 .debug_loc     0x0000087c      0x14c ./Sources/dino.o
 .debug_loc     0x000009c8       0xe0 ./Sources/cactus.o
 .debug_loc     0x00000aa8      0x298 ./Sources/TPM.o
 .debug_loc     0x00000d40      0x122 ./Sources/ISR.o
 .debug_loc     0x00000e62       0xf4 ./Sources/GPIO_switches.o
 .debug_loc     0x00000f56      0x200 ./Sources/GPIO_latch_lcd.o
 .debug_loc     0x00001156      0x1d4 ./Sources/ADC.o
 .debug_loc     0x0000132a       0x3e C:/Freescale/CW111/MCU/ARM_GCC_Support/ewl/lib/armv6-m\libc.a(exit.o)
 .debug_loc     0x00001368       0x6f C:/Freescale/CW111/MCU/ARM_GCC_Support/ewl/lib/armv6-m\libc.a(memset.o)
 .debug_loc     0x000013d7      0x14a C:/Freescale/CW111/MCU/ARM_GCC_Support/ewl/lib/armv6-m\libc.a(__filll_mem.o)
 .debug_loc     0x00001521       0x59 C:/Freescale/CW111/MCU/ARM_GCC_Support/ewl/lib/armv6-m\libc.a(memcpy.o)
 .debug_loc     0x0000157a       0x33 C:/Freescale/CW111/MCU/ARM_GCC_Support/ewl/lib/armv6-m\libc.a(strlen.o)
 .debug_loc     0x000015ad       0x9d C:/Freescale/CW111/MCU/ARM_GCC_Support/ewl/lib/armv6-m\librt.a(gcc_ctor_dtor.o)
 .debug_loc     0x0000164a      0x197 C:/Freescale/CW111/MCU/ARM_GCC_Support/ewl/lib/armv6-m\librt.a(__arm_eabi_init.o)
 .debug_loc     0x000017e1       0xd9 C:/Freescale/CW111/MCU/ARM_GCC_Support/ewl/lib/armv6-m\librt.a(ROMCopy.o)

.debug_aranges  0x00000000      0x5c8
 .debug_aranges
                0x00000000       0x28 ./Project_Settings/Startup_Code/kinetis_sysinit.o
 .debug_aranges
                0x00000028       0x30 ./Project_Settings/Startup_Code/__arm_start.o
 .debug_aranges
                0x00000058       0x20 ./Project_Settings/Startup_Code/__arm_end.o
 .debug_aranges
                0x00000078       0x48 ./Sources/util.o
 .debug_aranges
                0x000000c0       0xb8 ./Sources/timers.o
 .debug_aranges
                0x00000178       0x20 ./Sources/main.o
 .debug_aranges
                0x00000198       0x70 ./Sources/game.o
 .debug_aranges
                0x00000208       0x50 ./Sources/dino.o
 .debug_aranges
                0x00000258       0x38 ./Sources/cactus.o
 .debug_aranges
                0x00000290       0x70 ./Sources/TPM.o
 .debug_aranges
                0x00000300       0x48 ./Sources/ISR.o
 .debug_aranges
                0x00000348       0x40 ./Sources/GPIO_switches.o
 .debug_aranges
                0x00000388       0x68 ./Sources/GPIO_latch_lcd.o
 .debug_aranges
                0x000003f0       0x60 ./Sources/ADC.o
 .debug_aranges
                0x00000450       0x20 C:/Freescale/CW111/MCU/ARM_GCC_Support/ewl/lib/armv6-m\libc.a(exit.o)
 .debug_aranges
                0x00000470       0x28 C:/Freescale/CW111/MCU/ARM_GCC_Support/ewl/lib/armv6-m\libc.a(rand.o)
 .debug_aranges
                0x00000498       0x20 C:/Freescale/CW111/MCU/ARM_GCC_Support/ewl/lib/armv6-m\libc.a(memset.o)
 .debug_aranges
                0x000004b8       0x20 C:/Freescale/CW111/MCU/ARM_GCC_Support/ewl/lib/armv6-m\libc.a(__filll_mem.o)
 .debug_aranges
                0x000004d8       0x20 C:/Freescale/CW111/MCU/ARM_GCC_Support/ewl/lib/armv6-m\libc.a(memcpy.o)
 .debug_aranges
                0x000004f8       0x20 C:/Freescale/CW111/MCU/ARM_GCC_Support/ewl/lib/armv6-m\libc.a(strlen.o)
 .debug_aranges
                0x00000518       0x28 C:/Freescale/CW111/MCU/ARM_GCC_Support/ewl/lib/armv6-m\librt.a(gcc_ctor_dtor.o)
 .debug_aranges
                0x00000540       0x58 C:/Freescale/CW111/MCU/ARM_GCC_Support/ewl/lib/armv6-m\librt.a(__arm_eabi_init.o)
 .debug_aranges
                0x00000598       0x30 C:/Freescale/CW111/MCU/ARM_GCC_Support/ewl/lib/armv6-m\librt.a(ROMCopy.o)

.debug_macinfo  0x00000000   0x1b2c00
 .debug_macinfo
                0x00000000    0x264f0 ./Project_Settings/Startup_Code/kinetis_sysinit.o
 .debug_macinfo
                0x000264f0     0x3e6d ./Project_Settings/Startup_Code/__arm_start.o
 .debug_macinfo
                0x0002a35d     0x3456 ./Project_Settings/Startup_Code/__arm_end.o
 .debug_macinfo
                0x0002d7b3     0x59e0 ./Sources/util.o
 .debug_macinfo
                0x00033193    0x264c7 ./Sources/timers.o
 .debug_macinfo
                0x0005965a    0x26764 ./Sources/main.o
 .debug_macinfo
                0x0007fdbe    0x26580 ./Sources/game.o
 .debug_macinfo
                0x000a633e    0x2667f ./Sources/dino.o
 .debug_macinfo
                0x000cc9bd    0x2650b ./Sources/cactus.o
 .debug_macinfo
                0x000f2ec8    0x26560 ./Sources/TPM.o
 .debug_macinfo
                0x00119428    0x268ae ./Sources/ISR.o
 .debug_macinfo
                0x0013fcd6    0x26556 ./Sources/GPIO_switches.o
 .debug_macinfo
                0x0016622c    0x264f7 ./Sources/GPIO_latch_lcd.o
 .debug_macinfo
                0x0018c723    0x264dd ./Sources/ADC.o

.debug_line     0x00000000     0x2aa0
 .debug_line    0x00000000      0x1fa ./Project_Settings/Startup_Code/kinetis_sysinit.o
 .debug_line    0x000001fa      0x27d ./Project_Settings/Startup_Code/__arm_start.o
 .debug_line    0x00000477      0x249 ./Project_Settings/Startup_Code/__arm_end.o
 .debug_line    0x000006c0      0x35d ./Sources/util.o
 .debug_line    0x00000a1d      0x343 ./Sources/timers.o
 .debug_line    0x00000d60      0x24a ./Sources/main.o
 .debug_line    0x00000faa      0x2aa ./Sources/game.o
 .debug_line    0x00001254      0x2b5 ./Sources/dino.o
 .debug_line    0x00001509      0x21c ./Sources/cactus.o
 .debug_line    0x00001725      0x2a2 ./Sources/TPM.o
 .debug_line    0x000019c7      0x324 ./Sources/ISR.o
 .debug_line    0x00001ceb      0x22f ./Sources/GPIO_switches.o
 .debug_line    0x00001f1a      0x2cf ./Sources/GPIO_latch_lcd.o
 .debug_line    0x000021e9      0x2c1 ./Sources/ADC.o
 .debug_line    0x000024aa       0x8d C:/Freescale/CW111/MCU/ARM_GCC_Support/ewl/lib/armv6-m\libc.a(exit.o)
 .debug_line    0x00002537       0x93 C:/Freescale/CW111/MCU/ARM_GCC_Support/ewl/lib/armv6-m\libc.a(rand.o)
 .debug_line    0x000025ca       0x90 C:/Freescale/CW111/MCU/ARM_GCC_Support/ewl/lib/armv6-m\libc.a(memset.o)
 .debug_line    0x0000265a       0xf6 C:/Freescale/CW111/MCU/ARM_GCC_Support/ewl/lib/armv6-m\libc.a(__filll_mem.o)
 .debug_line    0x00002750       0x8b C:/Freescale/CW111/MCU/ARM_GCC_Support/ewl/lib/armv6-m\libc.a(memcpy.o)
 .debug_line    0x000027db       0x85 C:/Freescale/CW111/MCU/ARM_GCC_Support/ewl/lib/armv6-m\libc.a(strlen.o)
 .debug_line    0x00002860       0x6c C:/Freescale/CW111/MCU/ARM_GCC_Support/ewl/lib/armv6-m\librt.a(gcc_ctor_dtor.o)
 .debug_line    0x000028cc      0x117 C:/Freescale/CW111/MCU/ARM_GCC_Support/ewl/lib/armv6-m\librt.a(__arm_eabi_init.o)
 .debug_line    0x000029e3       0xbd C:/Freescale/CW111/MCU/ARM_GCC_Support/ewl/lib/armv6-m\librt.a(ROMCopy.o)

.debug_str      0x00000000     0x12ed
 .debug_str     0x00000000      0x289 ./Project_Settings/Startup_Code/kinetis_sysinit.o
                                0x2b0 (size before relaxing)
 .debug_str     0x00000289       0x85 ./Project_Settings/Startup_Code/__arm_start.o
                                0x18a (size before relaxing)
 .debug_str     0x0000030e       0x41 ./Project_Settings/Startup_Code/__arm_end.o
                                 0xc1 (size before relaxing)
 .debug_str     0x0000034f       0x93 ./Sources/util.o
                                0x1bf (size before relaxing)
 .debug_str     0x000003e2      0x264 ./Sources/timers.o
                                0x45e (size before relaxing)
 .debug_str     0x00000646      0x136 ./Sources/main.o
                                0x23a (size before relaxing)
 .debug_str     0x0000077c      0x173 ./Sources/game.o
                                0x2bb (size before relaxing)
 .debug_str     0x000008ef      0x120 ./Sources/dino.o
                                0x2f7 (size before relaxing)
 .debug_str     0x00000a0f       0x54 ./Sources/cactus.o
                                0x164 (size before relaxing)
 .debug_str     0x00000a63      0x143 ./Sources/TPM.o
                                0x37b (size before relaxing)
 .debug_str     0x00000ba6      0x133 ./Sources/ISR.o
                                0x40c (size before relaxing)
 .debug_str     0x00000cd9       0xa1 ./Sources/GPIO_switches.o
                                0x32e (size before relaxing)
 .debug_str     0x00000d7a       0xfe ./Sources/GPIO_latch_lcd.o
                                0x354 (size before relaxing)
 .debug_str     0x00000e78       0xbb ./Sources/ADC.o
                                0x465 (size before relaxing)
 .debug_str     0x00000f33       0x48 C:/Freescale/CW111/MCU/ARM_GCC_Support/ewl/lib/armv6-m\libc.a(exit.o)
                                0x157 (size before relaxing)
 .debug_str     0x00000f7b       0x30 C:/Freescale/CW111/MCU/ARM_GCC_Support/ewl/lib/armv6-m\libc.a(rand.o)
                                0x152 (size before relaxing)
 .debug_str     0x00000fab       0x23 C:/Freescale/CW111/MCU/ARM_GCC_Support/ewl/lib/armv6-m\libc.a(memset.o)
                                0x140 (size before relaxing)
 .debug_str     0x00000fce       0x2d C:/Freescale/CW111/MCU/ARM_GCC_Support/ewl/lib/armv6-m\libc.a(__filll_mem.o)
                                0x152 (size before relaxing)
 .debug_str     0x00000ffb       0x1c C:/Freescale/CW111/MCU/ARM_GCC_Support/ewl/lib/armv6-m\libc.a(memcpy.o)
                                0x138 (size before relaxing)
 .debug_str     0x00001017       0x1c C:/Freescale/CW111/MCU/ARM_GCC_Support/ewl/lib/armv6-m\libc.a(strlen.o)
                                0x140 (size before relaxing)
 .debug_str     0x00001033      0x126 C:/Freescale/CW111/MCU/ARM_GCC_Support/ewl/lib/armv6-m\librt.a(gcc_ctor_dtor.o)
                                0x181 (size before relaxing)
 .debug_str     0x00001159       0xee C:/Freescale/CW111/MCU/ARM_GCC_Support/ewl/lib/armv6-m\librt.a(__arm_eabi_init.o)
                                0x1b5 (size before relaxing)
 .debug_str     0x00001247       0xa6 C:/Freescale/CW111/MCU/ARM_GCC_Support/ewl/lib/armv6-m\librt.a(ROMCopy.o)
                                0x13c (size before relaxing)

.comment        0x00000000       0x79
 .comment       0x00000000       0x79 ./Project_Settings/Startup_Code/kinetis_sysinit.o
                                 0x7a (size before relaxing)
 .comment       0x00000000       0x7a ./Project_Settings/Startup_Code/__arm_start.o
 .comment       0x00000000       0x7a ./Project_Settings/Startup_Code/__arm_end.o
 .comment       0x00000000       0x7a ./Sources/util.o
 .comment       0x00000000       0x7a ./Sources/timers.o
 .comment       0x00000000       0x7a ./Sources/main.o
 .comment       0x00000000       0x7a ./Sources/game.o
 .comment       0x00000000       0x7a ./Sources/dino.o
 .comment       0x00000000       0x7a ./Sources/cactus.o
 .comment       0x00000000       0x7a ./Sources/TPM.o
 .comment       0x00000000       0x7a ./Sources/ISR.o
 .comment       0x00000000       0x7a ./Sources/GPIO_switches.o
 .comment       0x00000000       0x7a ./Sources/GPIO_latch_lcd.o
 .comment       0x00000000       0x7a ./Sources/ADC.o
 .comment       0x00000000       0x7a C:/Freescale/CW111/MCU/ARM_GCC_Support/ewl/lib/armv6-m\libc.a(exit.o)
 .comment       0x00000000       0x7a C:/Freescale/CW111/MCU/ARM_GCC_Support/ewl/lib/armv6-m\libc.a(rand.o)
 .comment       0x00000000       0x7a C:/Freescale/CW111/MCU/ARM_GCC_Support/ewl/lib/armv6-m\libc.a(memset.o)
 .comment       0x00000000       0x7a C:/Freescale/CW111/MCU/ARM_GCC_Support/ewl/lib/armv6-m\libc.a(__filll_mem.o)
 .comment       0x00000000       0x7a C:/Freescale/CW111/MCU/ARM_GCC_Support/ewl/lib/armv6-m\libc.a(memcpy.o)
 .comment       0x00000000       0x7a C:/Freescale/CW111/MCU/ARM_GCC_Support/ewl/lib/armv6-m\libc.a(strlen.o)
 .comment       0x00000000       0x7a C:/Freescale/CW111/MCU/ARM_GCC_Support/ewl/lib/armv6-m\librt.a(gcc_ctor_dtor.o)
 .comment       0x00000000       0x7a C:/Freescale/CW111/MCU/ARM_GCC_Support/ewl/lib/armv6-m\librt.a(__arm_eabi_init.o)
 .comment       0x00000000       0x7a C:/Freescale/CW111/MCU/ARM_GCC_Support/ewl/lib/armv6-m\librt.a(ROMCopy.o)

.debug_frame    0x00000000     0x127c
 .debug_frame   0x00000000       0x48 ./Project_Settings/Startup_Code/kinetis_sysinit.o
 .debug_frame   0x00000048       0x4c ./Project_Settings/Startup_Code/__arm_start.o
 .debug_frame   0x00000094       0x30 ./Project_Settings/Startup_Code/__arm_end.o
 .debug_frame   0x000000c4       0xd8 ./Sources/util.o
 .debug_frame   0x0000019c      0x270 ./Sources/timers.o
 .debug_frame   0x0000040c       0x30 ./Sources/main.o
 .debug_frame   0x0000043c      0x160 ./Sources/game.o
 .debug_frame   0x0000059c       0xdc ./Sources/dino.o
 .debug_frame   0x00000678       0x90 ./Sources/cactus.o
 .debug_frame   0x00000708      0x198 ./Sources/TPM.o
 .debug_frame   0x000008a0       0xc0 ./Sources/ISR.o
 .debug_frame   0x00000960       0xa4 ./Sources/GPIO_switches.o
 .debug_frame   0x00000a04      0x140 ./Sources/GPIO_latch_lcd.o
 .debug_frame   0x00000b44      0x124 ./Sources/ADC.o
 .debug_frame   0x00000c68       0x2c C:/Freescale/CW111/MCU/ARM_GCC_Support/ewl/lib/armv6-m\libc.a(exit.o)
 .debug_frame   0x00000c94       0x30 C:/Freescale/CW111/MCU/ARM_GCC_Support/ewl/lib/armv6-m\libc.a(rand.o)
 .debug_frame   0x00000cc4       0x28 C:/Freescale/CW111/MCU/ARM_GCC_Support/ewl/lib/armv6-m\libc.a(memset.o)
 .debug_frame   0x00000cec       0x2c C:/Freescale/CW111/MCU/ARM_GCC_Support/ewl/lib/armv6-m\libc.a(__filll_mem.o)
 .debug_frame   0x00000d18       0x28 C:/Freescale/CW111/MCU/ARM_GCC_Support/ewl/lib/armv6-m\libc.a(memcpy.o)
 .debug_frame   0x00000d40       0x28 C:/Freescale/CW111/MCU/ARM_GCC_Support/ewl/lib/armv6-m\libc.a(strlen.o)
 .debug_frame   0x00000d68       0x20 c:/freescale/cw111/cross_tools/arm-none-eabi-gcc-4_7_3/bin/../lib/gcc/arm-none-eabi/4.7.3/armv6-m\libgcc.a(_udivsi3.o)
 .debug_frame   0x00000d88       0x28 c:/freescale/cw111/cross_tools/arm-none-eabi-gcc-4_7_3/bin/../lib/gcc/arm-none-eabi/4.7.3/armv6-m\libgcc.a(_fixunssfsi.o)
 .debug_frame   0x00000db0       0x2c c:/freescale/cw111/cross_tools/arm-none-eabi-gcc-4_7_3/bin/../lib/gcc/arm-none-eabi/4.7.3/armv6-m\libgcc.a(_fixunsdfsi.o)
 .debug_frame   0x00000ddc       0x3c c:/freescale/cw111/cross_tools/arm-none-eabi-gcc-4_7_3/bin/../lib/gcc/arm-none-eabi/4.7.3/armv6-m\libgcc.a(divsf3.o)
 .debug_frame   0x00000e18       0x2c c:/freescale/cw111/cross_tools/arm-none-eabi-gcc-4_7_3/bin/../lib/gcc/arm-none-eabi/4.7.3/armv6-m\libgcc.a(eqsf2.o)
 .debug_frame   0x00000e44       0x30 c:/freescale/cw111/cross_tools/arm-none-eabi-gcc-4_7_3/bin/../lib/gcc/arm-none-eabi/4.7.3/armv6-m\libgcc.a(gesf2.o)
 .debug_frame   0x00000e74       0x30 c:/freescale/cw111/cross_tools/arm-none-eabi-gcc-4_7_3/bin/../lib/gcc/arm-none-eabi/4.7.3/armv6-m\libgcc.a(lesf2.o)
 .debug_frame   0x00000ea4       0x3c c:/freescale/cw111/cross_tools/arm-none-eabi-gcc-4_7_3/bin/../lib/gcc/arm-none-eabi/4.7.3/armv6-m\libgcc.a(mulsf3.o)
 .debug_frame   0x00000ee0       0x30 c:/freescale/cw111/cross_tools/arm-none-eabi-gcc-4_7_3/bin/../lib/gcc/arm-none-eabi/4.7.3/armv6-m\libgcc.a(subsf3.o)
 .debug_frame   0x00000f10       0x28 c:/freescale/cw111/cross_tools/arm-none-eabi-gcc-4_7_3/bin/../lib/gcc/arm-none-eabi/4.7.3/armv6-m\libgcc.a(fixsfsi.o)
 .debug_frame   0x00000f38       0x2c c:/freescale/cw111/cross_tools/arm-none-eabi-gcc-4_7_3/bin/../lib/gcc/arm-none-eabi/4.7.3/armv6-m\libgcc.a(floatsisf.o)
 .debug_frame   0x00000f64       0x28 c:/freescale/cw111/cross_tools/arm-none-eabi-gcc-4_7_3/bin/../lib/gcc/arm-none-eabi/4.7.3/armv6-m\libgcc.a(floatunsisf.o)
 .debug_frame   0x00000f8c       0x3c c:/freescale/cw111/cross_tools/arm-none-eabi-gcc-4_7_3/bin/../lib/gcc/arm-none-eabi/4.7.3/armv6-m\libgcc.a(muldf3.o)
 .debug_frame   0x00000fc8       0x38 c:/freescale/cw111/cross_tools/arm-none-eabi-gcc-4_7_3/bin/../lib/gcc/arm-none-eabi/4.7.3/armv6-m\libgcc.a(subdf3.o)
 .debug_frame   0x00001000       0x2c c:/freescale/cw111/cross_tools/arm-none-eabi-gcc-4_7_3/bin/../lib/gcc/arm-none-eabi/4.7.3/armv6-m\libgcc.a(fixdfsi.o)
 .debug_frame   0x0000102c       0x30 c:/freescale/cw111/cross_tools/arm-none-eabi-gcc-4_7_3/bin/../lib/gcc/arm-none-eabi/4.7.3/armv6-m\libgcc.a(floatsidf.o)
 .debug_frame   0x0000105c       0x2c c:/freescale/cw111/cross_tools/arm-none-eabi-gcc-4_7_3/bin/../lib/gcc/arm-none-eabi/4.7.3/armv6-m\libgcc.a(floatunsidf.o)
 .debug_frame   0x00001088       0x34 c:/freescale/cw111/cross_tools/arm-none-eabi-gcc-4_7_3/bin/../lib/gcc/arm-none-eabi/4.7.3/armv6-m\libgcc.a(eqdf2.o)
 .debug_frame   0x000010bc       0x38 c:/freescale/cw111/cross_tools/arm-none-eabi-gcc-4_7_3/bin/../lib/gcc/arm-none-eabi/4.7.3/armv6-m\libgcc.a(gedf2.o)
 .debug_frame   0x000010f4       0x38 c:/freescale/cw111/cross_tools/arm-none-eabi-gcc-4_7_3/bin/../lib/gcc/arm-none-eabi/4.7.3/armv6-m\libgcc.a(ledf2.o)
 .debug_frame   0x0000112c       0x40 C:/Freescale/CW111/MCU/ARM_GCC_Support/ewl/lib/armv6-m\librt.a(gcc_ctor_dtor.o)
 .debug_frame   0x0000116c       0xbc C:/Freescale/CW111/MCU/ARM_GCC_Support/ewl/lib/armv6-m\librt.a(__arm_eabi_init.o)
 .debug_frame   0x00001228       0x54 C:/Freescale/CW111/MCU/ARM_GCC_Support/ewl/lib/armv6-m\librt.a(ROMCopy.o)
